 2026-04-24T19:55:55.549Z INFO  eww > Initializing Eww server. (/run/user/1000/eww-server_2c1388e395c629b2)
Run `eww logs` to see any errors while editing your configuration.
 2026-04-24T19:55:55.549Z INFO  eww::server > Loading paths: config-dir: /home/devshw/dotfiles/eww/.config/eww, ipc-socket: /run/user/1000/eww-server_2c1388e395c629b2, log-file: /home/devshw/.cache/eww/eww_2c1388e395c629b2.log

┏━━━━━━━━━━━━━━━━━━━━━━━┓
┃Initializing eww daemon┃
┗━━━━━━━━━━━━━━━━━━━━━━━┛

Gtk-Message: 15:55:55.556: Failed to load module "xapp-gtk3-module"
[ 656969.366] {Default Queue}  -> wl_display#1.get_registry(new id wl_registry#2)
[ 656969.392] {Default Queue}  -> wl_display#1.sync(new id wl_callback#3)
[ 656969.593] {Display Queue} wl_display#1.delete_id(3)
[ 656969.619] {Default Queue} wl_registry#2.global(1, "wl_seat", 9)
[ 656969.629] {Default Queue} wl_registry#2.global(2, "wl_data_device_manager", 3)
[ 656969.638] {Default Queue}  -> wl_registry#2.bind(2, "wl_data_device_manager", 3, new id [unknown]#4)
[ 656969.648] {Default Queue} wl_registry#2.global(3, "wl_compositor", 6)
[ 656969.655] {Default Queue}  -> wl_registry#2.bind(3, "wl_compositor", 3, new id [unknown]#5)
[ 656969.664] {Default Queue} wl_registry#2.global(4, "wl_subcompositor", 1)
[ 656969.671] {Default Queue}  -> wl_registry#2.bind(4, "wl_subcompositor", 1, new id [unknown]#6)
[ 656969.677] {Default Queue} wl_registry#2.global(5, "wl_shm", 2)
[ 656969.682] {Default Queue}  -> wl_registry#2.bind(5, "wl_shm", 1, new id [unknown]#7)
[ 656969.688] {Default Queue} wl_registry#2.global(6, "wp_viewporter", 1)
[ 656969.694] {Default Queue} wl_registry#2.global(7, "wp_tearing_control_manager_v1", 1)
[ 656969.699] {Default Queue} wl_registry#2.global(8, "wp_fractional_scale_manager_v1", 1)
[ 656969.707] {Default Queue} wl_registry#2.global(9, "zxdg_output_manager_v1", 3)
[ 656969.714] {Default Queue}  -> wl_registry#2.bind(9, "zxdg_output_manager_v1", 3, new id [unknown]#8)
[ 656969.722] {Default Queue}  -> wl_display#1.sync(new id wl_callback#9)
[ 656969.727] {Default Queue} wl_registry#2.global(10, "wp_cursor_shape_manager_v1", 2)
[ 656969.732] {Default Queue}  -> wl_registry#2.bind(10, "wp_cursor_shape_manager_v1", 1, new id [unknown]#10)
[ 656969.737] {Default Queue} wl_registry#2.global(11, "zwp_idle_inhibit_manager_v1", 1)
[ 656969.744] {Default Queue} wl_registry#2.global(12, "zwp_relative_pointer_manager_v1", 1)
[ 656969.751] {Default Queue} wl_registry#2.global(13, "zxdg_decoration_manager_v1", 1)
[ 656969.757] {Default Queue} wl_registry#2.global(14, "wp_alpha_modifier_v1", 1)
[ 656969.766] {Default Queue} wl_registry#2.global(15, "zwlr_gamma_control_manager_v1", 1)
[ 656969.775] {Default Queue} wl_registry#2.global(16, "ext_foreign_toplevel_list_v1", 1)
[ 656969.784] {Default Queue} wl_registry#2.global(17, "zwp_pointer_gestures_v1", 3)
[ 656969.791] {Default Queue}  -> wl_registry#2.bind(17, "zwp_pointer_gestures_v1", 1, new id [unknown]#11)
[ 656969.797] {Default Queue} wl_registry#2.global(18, "zwlr_foreign_toplevel_manager_v1", 3)
[ 656969.804] {Default Queue} wl_registry#2.global(19, "zwp_keyboard_shortcuts_inhibit_manager_v1", 1)
[ 656969.810] {Default Queue}  -> wl_registry#2.bind(19, "zwp_keyboard_shortcuts_inhibit_manager_v1", 1, new id [unknown]#12)
[ 656969.816] {Default Queue} wl_registry#2.global(20, "zwp_text_input_manager_v1", 1)
[ 656969.822] {Default Queue} wl_registry#2.global(21, "zwp_text_input_manager_v3", 1)
[ 656969.829] {Default Queue} wl_registry#2.global(22, "zwp_pointer_constraints_v1", 1)
[ 656969.835] {Default Queue} wl_registry#2.global(23, "zwlr_output_power_manager_v1", 1)
[ 656969.840] {Default Queue} wl_registry#2.global(24, "xdg_activation_v1", 1)
[ 656969.846] {Default Queue}  -> wl_registry#2.bind(24, "xdg_activation_v1", 1, new id [unknown]#13)
[ 656969.853] {Default Queue} wl_registry#2.global(25, "ext_idle_notifier_v1", 2)
[ 656969.858] {Default Queue} wl_registry#2.global(26, "hyprland_lock_notifier_v1", 1)
[ 656969.864] {Default Queue} wl_registry#2.global(27, "ext_session_lock_manager_v1", 1)
[ 656969.871] {Default Queue} wl_registry#2.global(28, "zwp_input_method_manager_v2", 1)
[ 656969.877] {Default Queue} wl_registry#2.global(29, "zwp_virtual_keyboard_manager_v1", 1)
[ 656969.884] {Default Queue} wl_registry#2.global(30, "zwlr_virtual_pointer_manager_v1", 2)
[ 656969.890] {Default Queue} wl_registry#2.global(31, "zwlr_output_manager_v1", 4)
[ 656969.900] {Default Queue} wl_registry#2.global(32, "org_kde_kwin_server_decoration_manager", 1)
[ 656969.906] {Default Queue}  -> wl_registry#2.bind(32, "org_kde_kwin_server_decoration_manager", 1, new id [unknown]#14)
[ 656969.917] {Default Queue} wl_registry#2.global(33, "hyprland_focus_grab_manager_v1", 1)
[ 656969.924] {Default Queue} wl_registry#2.global(34, "zwp_tablet_manager_v2", 1)
[ 656969.942] {Default Queue}  -> wl_registry#2.bind(34, "zwp_tablet_manager_v2", 1, new id [unknown]#15)
[ 656969.949] {Default Queue} wl_registry#2.global(35, "zwlr_layer_shell_v1", 5)
[ 656969.955] {Default Queue} wl_registry#2.global(36, "wp_presentation", 2)
[ 656969.961] {Default Queue} wl_registry#2.global(37, "xdg_wm_base", 7)
[ 656969.968] {Default Queue} wl_registry#2.global(38, "zwlr_data_control_manager_v1", 2)
[ 656969.976] {Default Queue} wl_registry#2.global(39, "zwp_primary_selection_device_manager_v1", 1)
[ 656969.983] {Default Queue}  -> wl_registry#2.bind(39, "zwp_primary_selection_device_manager_v1", 1, new id [unknown]#16)
[ 656969.989] {Default Queue} wl_registry#2.global(40, "xwayland_shell_v1", 1)
[ 656969.995] {Default Queue} wl_registry#2.global(41, "hyprland_toplevel_mapping_manager_v1", 1)
[ 656970.000] {Default Queue} wl_registry#2.global(42, "hyprland_global_shortcuts_manager_v1", 1)
[ 656970.006] {Default Queue} wl_registry#2.global(43, "xdg_wm_dialog_v1", 1)
[ 656970.012] {Default Queue} wl_registry#2.global(44, "wp_single_pixel_buffer_manager_v1", 1)
[ 656970.017] {Default Queue} wl_registry#2.global(45, "wp_security_context_manager_v1", 1)
[ 656970.023] {Default Queue} wl_registry#2.global(46, "hyprland_ctm_control_manager_v1", 2)
[ 656970.029] {Default Queue} wl_registry#2.global(47, "hyprland_surface_manager_v1", 2)
[ 656970.035] {Default Queue} wl_registry#2.global(48, "wp_content_type_manager_v1", 1)
[ 656970.039] {Default Queue} wl_registry#2.global(49, "xdg_toplevel_tag_manager_v1", 1)
[ 656970.044] {Default Queue} wl_registry#2.global(50, "xdg_system_bell_v1", 1)
[ 656970.050] {Default Queue} wl_registry#2.global(51, "ext_workspace_manager_v1", 1)
[ 656970.055] {Default Queue} wl_registry#2.global(52, "ext_data_control_manager_v1", 1)
[ 656970.061] {Default Queue} wl_registry#2.global(53, "wp_pointer_warp_v1", 1)
[ 656970.066] {Default Queue} wl_registry#2.global(54, "wp_fifo_manager_v1", 1)
[ 656970.071] {Default Queue} wl_registry#2.global(55, "wp_commit_timing_manager_v1", 1)
[ 656970.076] {Default Queue} wl_registry#2.global(56, "zwlr_screencopy_manager_v1", 3)
[ 656970.081] {Default Queue} wl_registry#2.global(57, "hyprland_toplevel_export_manager_v1", 2)
[ 656970.089] {Default Queue} wl_registry#2.global(58, "ext_output_image_capture_source_manager_v1", 1)
[ 656970.095] {Default Queue} wl_registry#2.global(59, "ext_foreign_toplevel_image_capture_source_manager_v1", 1)
[ 656970.101] {Default Queue} wl_registry#2.global(60, "ext_image_copy_capture_manager_v1", 1)
[ 656970.106] {Default Queue} wl_registry#2.global(61, "wp_color_manager_v1", 1)
[ 656970.116] {Default Queue} wl_registry#2.global(62, "wp_drm_lease_device_v1", 1)
[ 656970.124] {Default Queue} wl_registry#2.global(63, "wp_linux_drm_syncobj_manager_v1", 1)
[ 656970.132] {Default Queue} wl_registry#2.global(64, "wl_drm", 2)
[ 656970.140] {Default Queue} wl_registry#2.global(65, "zwp_linux_dmabuf_v1", 5)
[ 656970.143] {Default Queue} wl_registry#2.global(66, "wl_output", 4)
[ 656970.147] {Default Queue}  -> wl_registry#2.bind(66, "wl_output", 2, new id [unknown]#17)
[ 656970.198] {Default Queue}  -> zxdg_output_manager_v1#8.get_xdg_output(new id zxdg_output_v1#18, wl_output#17)
[ 656970.203] {Default Queue}  -> wl_display#1.sync(new id wl_callback#19)
[ 656970.207] {Default Queue} wl_callback#3.done(2560)
[ 656970.287] {Default Queue}  -> wl_shm#7.create_pool(new id wl_shm_pool#3, fd 11, 2304)
[ 656970.541] {Default Queue}  -> wl_shm_pool#3.resize(6912)
[ 656970.641] {Default Queue}  -> wl_shm_pool#3.resize(16128)
[ 656970.831] {Default Queue}  -> wl_shm_pool#3.resize(34560)
[ 656971.147] {Default Queue}  -> wl_shm_pool#3.resize(71424)
[ 656973.269] {Default Queue}  -> wl_shm_pool#3.resize(145152)
[ 656973.402] {Default Queue}  -> wl_shm_pool#3.resize(292608)
[ 656974.967] {Default Queue}  -> wl_shm_pool#3.resize(587520)
[ 656983.733] {Default Queue}  -> wl_registry#2.bind(1, "wl_seat", 5, new id [unknown]#20)
[ 656987.020] {Default Queue}  -> wl_compositor#5.create_surface(new id wl_surface#21)
[ 656987.036] {Default Queue}  -> zwp_primary_selection_device_manager_v1#16.get_device(new id zwp_primary_selection_device_v1#22, wl_seat#20)
[ 656987.041] {Default Queue}  -> wl_data_device_manager#4.get_data_device(new id wl_data_device#23, wl_seat#20)
[ 656987.129] {Default Queue}  -> wl_compositor#5.create_surface(new id wl_surface#24)
[ 656987.134] {Default Queue}  -> zwp_tablet_manager_v2#15.get_tablet_seat(new id zwp_tablet_seat_v2#25, wl_seat#20)
[ 656987.141] {Default Queue}  -> wl_display#1.sync(new id wl_callback#26)
[ 656987.522] {Display Queue} wl_display#1.delete_id(9)
[ 656987.528] {Display Queue} wl_display#1.delete_id(19)
[ 656987.530] {Display Queue} wl_display#1.delete_id(26)
[ 656987.532] {Default Queue} wl_shm#7.format(0)
[ 656987.534] {Default Queue} wl_shm#7.format(1)
[ 656987.536] {Default Queue} wl_shm#7.format(875709016)
[ 656987.539] {Default Queue} wl_shm#7.format(875708993)
[ 656987.541] {Default Queue} wl_shm#7.format(808669784)
[ 656987.543] {Default Queue} wl_shm#7.format(808669761)
[ 656987.545] {Default Queue} wl_shm#7.format(808665688)
[ 656987.547] {Default Queue} wl_shm#7.format(808665665)
[ 656987.549] {Default Queue} wl_callback#9.done(2560)
[ 656987.552] {Default Queue} org_kde_kwin_server_decoration_manager#14.default_mode(2)
[ 656987.557] {Default Queue} wl_output#17.scale(1)
[ 656987.560] {Default Queue} wl_output#17.mode(1, 1366, 768, 60058)
[ 656987.565] {Default Queue} wl_output#17.geometry(0, 0, 340, 190, 0, "BOE", "0x0757", 0)
[ 656987.578] {Default Queue} wl_output#17.done()
[ 656987.591] {Default Queue} zxdg_output_v1#18.name("eDP-1")
[ 656987.597] {Default Queue} zxdg_output_v1#18.description("BOE 0x0757  (eDP-1)")
[ 656987.602] {Default Queue} zxdg_output_v1#18.logical_position(0, 0)
[ 656987.607] {Default Queue} zxdg_output_v1#18.logical_size(1366, 768)
[ 656987.613] {Default Queue} wl_output#17.done()
[ 656987.621] {Default Queue} wl_callback#19.done(2560)
[ 656987.625] {Default Queue} wl_seat#20.name("Hyprland")
[ 656987.630] {Default Queue} wl_seat#20.capabilities(3)
[ 656987.635] {Default Queue}  -> wl_seat#20.get_pointer(new id wl_pointer#19)
[ 656987.654] {Default Queue}  -> zwp_pointer_gestures_v1#11.get_swipe_gesture(new id zwp_pointer_gesture_swipe_v1#9, wl_pointer#19)
[ 656987.660] {Default Queue}  -> zwp_pointer_gestures_v1#11.get_pinch_gesture(new id zwp_pointer_gesture_pinch_v1#27, wl_pointer#19)
[ 656987.667] {Default Queue}  -> wp_cursor_shape_manager_v1#10.get_pointer(new id wp_cursor_shape_device_v1#28, wl_pointer#19)
[ 656987.676] {Default Queue}  -> wl_seat#20.get_keyboard(new id wl_keyboard#29)
[ 656987.689] {Default Queue} wl_callback#26.done(2560)
[ 656987.695] {Default Queue}  -> wl_registry#2.bind(37, "xdg_wm_base", 6, new id [unknown]#26)
 2026-04-24T19:55:55.723Z INFO  eww::ipc_server > IPC server initialized
[ 657134.316] {Default Queue} wl_keyboard#29.keymap(1, fd 27, 39178)
[ 657139.899] {Default Queue} wl_keyboard#29.repeat_info(25, 600)
 2026-04-24T19:56:12.201Z INFO  eww::app        > Opening window dashboard as 'dashboard'
[ 673620.016] {Default Queue}  -> wl_display#1.get_registry(new id wl_registry#30)
[ 673620.035] {Default Queue}  -> wl_display#1.sync(new id wl_callback#31)
[ 673620.253] {Display Queue} wl_display#1.delete_id(31)
[ 673620.263] {Default Queue} wl_registry#30.global(1, "wl_seat", 9)
[ 673620.276] {Default Queue} wl_registry#30.global(2, "wl_data_device_manager", 3)
[ 673620.280] {Default Queue} wl_registry#30.global(3, "wl_compositor", 6)
[ 673620.283] {Default Queue} wl_registry#30.global(4, "wl_subcompositor", 1)
[ 673620.287] {Default Queue} wl_registry#30.global(5, "wl_shm", 2)
[ 673620.294] {Default Queue} wl_registry#30.global(6, "wp_viewporter", 1)
[ 673620.301] {Default Queue} wl_registry#30.global(7, "wp_tearing_control_manager_v1", 1)
[ 673620.305] {Default Queue} wl_registry#30.global(8, "wp_fractional_scale_manager_v1", 1)
[ 673620.309] {Default Queue} wl_registry#30.global(9, "zxdg_output_manager_v1", 3)
[ 673620.314] {Default Queue} wl_registry#30.global(10, "wp_cursor_shape_manager_v1", 2)
[ 673620.317] {Default Queue} wl_registry#30.global(11, "zwp_idle_inhibit_manager_v1", 1)
[ 673620.321] {Default Queue} wl_registry#30.global(12, "zwp_relative_pointer_manager_v1", 1)
[ 673620.329] {Default Queue} wl_registry#30.global(13, "zxdg_decoration_manager_v1", 1)
[ 673620.336] {Default Queue} wl_registry#30.global(14, "wp_alpha_modifier_v1", 1)
[ 673620.344] {Default Queue} wl_registry#30.global(15, "zwlr_gamma_control_manager_v1", 1)
[ 673620.349] {Default Queue} wl_registry#30.global(16, "ext_foreign_toplevel_list_v1", 1)
[ 673620.356] {Default Queue} wl_registry#30.global(17, "zwp_pointer_gestures_v1", 3)
[ 673620.363] {Default Queue} wl_registry#30.global(18, "zwlr_foreign_toplevel_manager_v1", 3)
[ 673620.367] {Default Queue} wl_registry#30.global(19, "zwp_keyboard_shortcuts_inhibit_manager_v1", 1)
[ 673620.372] {Default Queue} wl_registry#30.global(20, "zwp_text_input_manager_v1", 1)
[ 673620.376] {Default Queue} wl_registry#30.global(21, "zwp_text_input_manager_v3", 1)
[ 673620.380] {Default Queue} wl_registry#30.global(22, "zwp_pointer_constraints_v1", 1)
[ 673620.387] {Default Queue} wl_registry#30.global(23, "zwlr_output_power_manager_v1", 1)
[ 673620.395] {Default Queue} wl_registry#30.global(24, "xdg_activation_v1", 1)
[ 673620.401] {Default Queue} wl_registry#30.global(25, "ext_idle_notifier_v1", 2)
[ 673620.406] {Default Queue} wl_registry#30.global(26, "hyprland_lock_notifier_v1", 1)
[ 673620.412] {Default Queue} wl_registry#30.global(27, "ext_session_lock_manager_v1", 1)
[ 673620.418] {Default Queue} wl_registry#30.global(28, "zwp_input_method_manager_v2", 1)
[ 673620.424] {Default Queue} wl_registry#30.global(29, "zwp_virtual_keyboard_manager_v1", 1)
[ 673620.436] {Default Queue} wl_registry#30.global(30, "zwlr_virtual_pointer_manager_v1", 2)
[ 673620.442] {Default Queue} wl_registry#30.global(31, "zwlr_output_manager_v1", 4)
[ 673620.450] {Default Queue} wl_registry#30.global(32, "org_kde_kwin_server_decoration_manager", 1)
[ 673620.457] {Default Queue} wl_registry#30.global(33, "hyprland_focus_grab_manager_v1", 1)
[ 673620.476] {Default Queue} wl_registry#30.global(34, "zwp_tablet_manager_v2", 1)
[ 673620.485] {Default Queue} wl_registry#30.global(35, "zwlr_layer_shell_v1", 5)
[ 673620.494] {Default Queue}  -> wl_registry#30.bind(35, "zwlr_layer_shell_v1", 4, new id [unknown]#32)
[ 673620.507] {Default Queue} wl_registry#30.global(36, "wp_presentation", 2)
[ 673620.516] {Default Queue} wl_registry#30.global(37, "xdg_wm_base", 7)
[ 673620.520] {Default Queue}  -> wl_registry#30.bind(37, "xdg_wm_base", 7, new id [unknown]#33)
[ 673620.526] {Default Queue} wl_registry#30.global(38, "zwlr_data_control_manager_v1", 2)
[ 673620.534] {Default Queue} wl_registry#30.global(39, "zwp_primary_selection_device_manager_v1", 1)
[ 673620.543] {Default Queue} wl_registry#30.global(40, "xwayland_shell_v1", 1)
[ 673620.551] {Default Queue} wl_registry#30.global(41, "hyprland_toplevel_mapping_manager_v1", 1)
[ 673620.559] {Default Queue} wl_registry#30.global(42, "hyprland_global_shortcuts_manager_v1", 1)
[ 673620.566] {Default Queue} wl_registry#30.global(43, "xdg_wm_dialog_v1", 1)
[ 673620.574] {Default Queue} wl_registry#30.global(44, "wp_single_pixel_buffer_manager_v1", 1)
[ 673620.581] {Default Queue} wl_registry#30.global(45, "wp_security_context_manager_v1", 1)
[ 673620.589] {Default Queue} wl_registry#30.global(46, "hyprland_ctm_control_manager_v1", 2)
[ 673620.596] {Default Queue} wl_registry#30.global(47, "hyprland_surface_manager_v1", 2)
[ 673620.603] {Default Queue} wl_registry#30.global(48, "wp_content_type_manager_v1", 1)
[ 673620.610] {Default Queue} wl_registry#30.global(49, "xdg_toplevel_tag_manager_v1", 1)
[ 673620.618] {Default Queue} wl_registry#30.global(50, "xdg_system_bell_v1", 1)
[ 673620.626] {Default Queue} wl_registry#30.global(51, "ext_workspace_manager_v1", 1)
[ 673620.633] {Default Queue} wl_registry#30.global(52, "ext_data_control_manager_v1", 1)
[ 673620.641] {Default Queue} wl_registry#30.global(53, "wp_pointer_warp_v1", 1)
[ 673620.648] {Default Queue} wl_registry#30.global(54, "wp_fifo_manager_v1", 1)
[ 673620.656] {Default Queue} wl_registry#30.global(55, "wp_commit_timing_manager_v1", 1)
[ 673620.663] {Default Queue} wl_registry#30.global(56, "zwlr_screencopy_manager_v1", 3)
[ 673620.670] {Default Queue} wl_registry#30.global(57, "hyprland_toplevel_export_manager_v1", 2)
[ 673620.676] {Default Queue} wl_registry#30.global(58, "ext_output_image_capture_source_manager_v1", 1)
[ 673620.681] {Default Queue} wl_registry#30.global(59, "ext_foreign_toplevel_image_capture_source_manager_v1", 1)
[ 673620.687] {Default Queue} wl_registry#30.global(60, "ext_image_copy_capture_manager_v1", 1)
[ 673620.694] {Default Queue} wl_registry#30.global(61, "wp_color_manager_v1", 1)
[ 673620.701] {Default Queue} wl_registry#30.global(62, "wp_drm_lease_device_v1", 1)
[ 673620.707] {Default Queue} wl_registry#30.global(63, "wp_linux_drm_syncobj_manager_v1", 1)
[ 673620.715] {Default Queue} wl_registry#30.global(64, "wl_drm", 2)
[ 673620.723] {Default Queue} wl_registry#30.global(65, "zwp_linux_dmabuf_v1", 5)
[ 673620.733] {Default Queue} wl_registry#30.global(66, "wl_output", 4)
[ 673620.740] {Default Queue} wl_callback#31.done(2580)
[ 673631.087] {Default Queue}  -> wl_compositor#5.create_surface(new id wl_surface#31)
[ 673640.621] {Default Queue}  -> wl_surface#31.attach(nil, 0, 0)
[ 673640.634] {Default Queue}  -> zwlr_layer_shell_v1#32.get_layer_surface(new id zwlr_layer_surface_v1#34, wl_surface#31, wl_output#17, 2, "gtk-layer-shell")
[ 673640.641] {Default Queue}  -> zwlr_layer_surface_v1#34.set_keyboard_interactivity(0)
[ 673640.643] {Default Queue}  -> zwlr_layer_surface_v1#34.set_exclusive_zone(0)
[ 673640.646] {Default Queue}  -> zwlr_layer_surface_v1#34.set_anchor(9)
[ 673640.648] {Default Queue}  -> zwlr_layer_surface_v1#34.set_margin(20, 20, 0, 0)
[ 673640.651] {Default Queue}  -> zwlr_layer_surface_v1#34.set_size(436, 520)
[ 673640.656] {Default Queue}  -> wl_surface#31.commit()
[ 673640.659] {Default Queue}  -> wl_display#1.sync(new id wl_callback#35)
[ 673640.954] {Display Queue} wl_display#1.delete_id(35)
[ 673640.965] {Default Queue} zwlr_layer_surface_v1#34.configure(2581, 436, 520)
[ 673640.969] {Default Queue}  -> zwlr_layer_surface_v1#34.ack_configure(2581)
[ 673640.977] {Default Queue} wl_callback#35.done(2581)
[ 673649.330] {Default Queue}  -> wl_shm#7.create_pool(new id wl_shm_pool#35, fd 37, 906880)
[ 673649.356] {Default Queue}  -> wl_shm_pool#35.create_buffer(new id wl_buffer#36, 0, 436, 520, 1744, 0)
[ 673658.877] {Default Queue}  -> wl_surface#31.attach(wl_buffer#36, 0, 0)
[ 673658.895] {Default Queue}  -> wl_surface#31.set_buffer_scale(1)
[ 673658.901] {Default Queue}  -> wl_surface#31.damage(0, 0, 436, 520)
[ 673658.906] {Default Queue}  -> wl_surface#31.set_input_region(nil)
[ 673658.925] {Default Queue}  -> wl_surface#31.frame(new id wl_callback#37)
[ 673658.932] {Default Queue}  -> wl_surface#31.commit()
[ 673662.135] {Display Queue} wl_display#1.delete_id(37)
[ 673662.149] {Default Queue} wl_callback#37.done(1656491)
[ 673662.165] {Default Queue} wl_surface#31.enter(wl_output#17)
[ 673662.174] {Default Queue} wl_buffer#36.release()
[ 673667.340] {Default Queue}  -> wl_surface#31.attach(wl_buffer#36, 0, 0)
[ 673667.358] {Default Queue}  -> wl_surface#31.set_buffer_scale(1)
[ 673667.365] {Default Queue}  -> wl_surface#31.damage(0, 0, 436, 520)
[ 673667.390] {Default Queue}  -> wl_surface#31.frame(new id wl_callback#37)
[ 673667.397] {Default Queue}  -> wl_surface#31.commit()
[ 673669.397] {Display Queue} wl_display#1.delete_id(37)
[ 673669.415] {Default Queue} wl_buffer#36.release()
[ 673669.423] {Default Queue} wl_callback#37.done(1656499)
[ 673670.446] {Default Queue}  -> wl_surface#31.attach(wl_buffer#36, 0, 0)
[ 673670.465] {Default Queue}  -> wl_surface#31.set_buffer_scale(1)
[ 673670.472] {Default Queue}  -> wl_surface#31.damage(69, 254, 24, 4)
[ 673670.479] {Default Queue}  -> wl_surface#31.damage(100, 254, 45, 4)
[ 673670.485] {Default Queue}  -> wl_surface#31.damage(34, 258, 28, 25)
[ 673670.491] {Default Queue}  -> wl_surface#31.damage(69, 258, 24, 25)
[ 673670.497] {Default Queue}  -> wl_surface#31.damage(100, 258, 45, 25)
[ 673670.504] {Default Queue}  -> wl_surface#31.damage(69, 283, 24, 4)
[ 673670.511] {Default Queue}  -> wl_surface#31.damage(100, 283, 45, 4)
[ 673670.538] {Default Queue}  -> wl_surface#31.frame(new id wl_callback#37)
[ 673670.547] {Default Queue}  -> wl_surface#31.commit()
[ 673671.182] {Default Queue} wl_buffer#36.release()
[ 673685.250] {Display Queue} wl_display#1.delete_id(37)
[ 673685.264] {Default Queue} wl_callback#37.done(1656515)
[ 673685.513] {Default Queue}  -> wl_surface#31.attach(wl_buffer#36, 0, 0)
[ 673685.520] {Default Queue}  -> wl_surface#31.set_buffer_scale(1)
[ 673685.523] {Default Queue}  -> wl_surface#31.damage(34, 258, 28, 25)
[ 673685.533] {Default Queue}  -> wl_surface#31.frame(new id wl_callback#37)
[ 673685.536] {Default Queue}  -> wl_surface#31.commit()
[ 673685.751] {Default Queue} wl_buffer#36.release()
[ 673701.742] {Display Queue} wl_display#1.delete_id(37)
[ 673701.759] {Default Queue} wl_callback#37.done(1656532)
[ 673897.702] {Default Queue}  -> wl_surface#31.attach(wl_buffer#36, 0, 0)
[ 673897.725] {Default Queue}  -> wl_surface#31.set_buffer_scale(1)
[ 673897.734] {Default Queue}  -> wl_surface#31.damage(98, 60, 150, 18)
[ 673897.741] {Default Queue}  -> wl_surface#31.damage(256, 60, 150, 18)
[ 673897.763] {Default Queue}  -> wl_surface#31.frame(new id wl_callback#37)
[ 673897.771] {Default Queue}  -> wl_surface#31.commit()
[ 673898.398] {Default Queue} wl_buffer#36.release()
[ 673902.063] {Display Queue} wl_display#1.delete_id(37)
[ 673902.084] {Default Queue} wl_callback#37.done(1656732)
[ 674168.873] {Default Queue}  -> wl_surface#31.attach(wl_buffer#36, 0, 0)
[ 674168.911] {Default Queue}  -> wl_surface#31.set_buffer_scale(1)
[ 674168.925] {Default Queue}  -> wl_surface#31.damage(30, 299, 28, 25)
[ 674168.936] {Default Queue}  -> wl_surface#31.damage(92, 299, 45, 25)
[ 674168.971] {Default Queue}  -> wl_surface#31.frame(new id wl_callback#37)
[ 674168.983] {Default Queue}  -> wl_surface#31.commit()
[ 674169.589] {Default Queue} wl_buffer#36.release()
[ 674171.277] {Display Queue} wl_display#1.delete_id(37)
[ 674171.307] {Default Queue} wl_callback#37.done(1657001)
[ 674216.774] {Default Queue}  -> wl_surface#31.attach(wl_buffer#36, 0, 0)
[ 674216.821] {Default Queue}  -> wl_surface#31.set_buffer_scale(1)
[ 674216.835] {Default Queue}  -> wl_surface#31.damage(100, 254, 45, 4)
[ 674216.847] {Default Queue}  -> wl_surface#31.damage(34, 258, 28, 25)
[ 674216.856] {Default Queue}  -> wl_surface#31.damage(100, 258, 45, 25)
[ 674216.966] {Default Queue}  -> wl_surface#31.damage(100, 283, 45, 4)
[ 674217.019] {Default Queue}  -> wl_surface#31.frame(new id wl_callback#37)
[ 674217.046] {Default Queue}  -> wl_surface#31.commit()
[ 674217.750] {Default Queue} wl_buffer#36.release()
[ 674235.522] {Display Queue} wl_display#1.delete_id(37)
[ 674235.570] {Default Queue} wl_callback#37.done(1657065)
[ 674261.557] {Default Queue}  -> wl_surface#31.attach(wl_buffer#36, 0, 0)
[ 674261.598] {Default Queue}  -> wl_surface#31.set_buffer_scale(1)
[ 674261.612] {Default Queue}  -> wl_surface#31.damage(34, 258, 28, 25)
[ 674261.648] {Default Queue}  -> wl_surface#31.frame(new id wl_callback#37)
[ 674261.659] {Default Queue}  -> wl_surface#31.commit()
[ 674262.408] {Default Queue} wl_buffer#36.release()
[ 674263.928] {Display Queue} wl_display#1.delete_id(37)
[ 674263.959] {Default Queue} wl_callback#37.done(1657093)
[ 674686.457] {Default Queue}  -> wl_surface#31.attach(wl_buffer#36, 0, 0)
[ 674686.494] {Default Queue}  -> wl_surface#31.set_buffer_scale(1)
[ 674686.508] {Default Queue}  -> wl_surface#31.damage(30, 299, 28, 25)
[ 674686.519] {Default Queue}  -> wl_surface#31.damage(92, 299, 45, 25)
[ 674686.554] {Default Queue}  -> wl_surface#31.frame(new id wl_callback#37)
[ 674686.566] {Default Queue}  -> wl_surface#31.commit()
[ 674687.279] {Default Queue} wl_buffer#36.release()
[ 674689.041] {Display Queue} wl_display#1.delete_id(37)
[ 674689.072] {Default Queue} wl_callback#37.done(1657518)
[ 674734.254] {Default Queue}  -> wl_surface#31.attach(wl_buffer#36, 0, 0)
[ 674734.269] {Default Queue}  -> wl_surface#31.set_buffer_scale(1)
[ 674734.274] {Default Queue}  -> wl_surface#31.damage(100, 254, 45, 4)
[ 674734.278] {Default Queue}  -> wl_surface#31.damage(34, 258, 28, 25)
[ 674734.282] {Default Queue}  -> wl_surface#31.damage(100, 258, 45, 25)
[ 674734.285] {Default Queue}  -> wl_surface#31.damage(100, 283, 45, 4)
[ 674734.298] {Default Queue}  -> wl_surface#31.frame(new id wl_callback#37)
[ 674734.303] {Default Queue}  -> wl_surface#31.commit()
[ 674734.703] {Default Queue} wl_buffer#36.release()
[ 674751.259] {Display Queue} wl_display#1.delete_id(37)
[ 674751.276] {Default Queue} wl_callback#37.done(1657581)
[ 674778.937] {Default Queue}  -> wl_surface#31.attach(wl_buffer#36, 0, 0)
[ 674778.952] {Default Queue}  -> wl_surface#31.set_buffer_scale(1)
[ 674778.957] {Default Queue}  -> wl_surface#31.damage(34, 258, 28, 25)
[ 674778.970] {Default Queue}  -> wl_surface#31.frame(new id wl_callback#37)
[ 674778.975] {Default Queue}  -> wl_surface#31.commit()
[ 674779.271] {Default Queue} wl_buffer#36.release()
[ 674783.987] {Display Queue} wl_display#1.delete_id(37)
[ 674784.004] {Default Queue} wl_callback#37.done(1657614)
[ 675160.089] {Default Queue}  -> wl_surface#31.attach(wl_buffer#36, 0, 0)
[ 675160.125] {Default Queue}  -> wl_surface#31.set_buffer_scale(1)
[ 675160.139] {Default Queue}  -> wl_surface#31.damage(98, 60, 150, 18)
[ 675160.178] {Default Queue}  -> wl_surface#31.damage(256, 60, 150, 18)
[ 675160.215] {Default Queue}  -> wl_surface#31.frame(new id wl_callback#37)
[ 675160.227] {Default Queue}  -> wl_surface#31.commit()
[ 675160.972] {Default Queue} wl_buffer#36.release()
[ 675162.826] {Display Queue} wl_display#1.delete_id(37)
[ 675162.863] {Default Queue} wl_callback#37.done(1657992)
[ 675195.729] {Default Queue}  -> wl_surface#31.attach(wl_buffer#36, 0, 0)
[ 675195.748] {Default Queue}  -> wl_surface#31.set_buffer_scale(1)
[ 675195.758] {Default Queue}  -> wl_surface#31.damage(30, 299, 28, 25)
[ 675195.769] {Default Queue}  -> wl_surface#31.damage(92, 299, 45, 25)
[ 675195.791] {Default Queue}  -> wl_surface#31.frame(new id wl_callback#37)
[ 675195.801] {Default Queue}  -> wl_surface#31.commit()
[ 675196.137] {Default Queue} wl_buffer#36.release()
[ 675200.426] {Display Queue} wl_display#1.delete_id(37)
[ 675200.445] {Default Queue} wl_callback#37.done(1658030)
[ 675279.729] {Default Queue}  -> wl_surface#31.attach(wl_buffer#36, 0, 0)
[ 675279.773] {Default Queue}  -> wl_surface#31.set_buffer_scale(1)
[ 675279.797] {Default Queue}  -> wl_surface#31.damage(100, 254, 45, 4)
[ 675279.816] {Default Queue}  -> wl_surface#31.damage(34, 258, 28, 25)
[ 675279.838] {Default Queue}  -> wl_surface#31.damage(100, 258, 45, 25)
[ 675279.856] {Default Queue}  -> wl_surface#31.damage(100, 283, 45, 4)
[ 675279.919] {Default Queue}  -> wl_surface#31.frame(new id wl_callback#37)
[ 675279.945] {Default Queue}  -> wl_surface#31.commit()
[ 675280.818] {Default Queue} wl_buffer#36.release()
[ 675282.498] {Display Queue} wl_display#1.delete_id(37)
[ 675282.537] {Default Queue} wl_callback#37.done(1658112)
[ 675325.637] {Default Queue}  -> wl_surface#31.attach(wl_buffer#36, 0, 0)
[ 675325.678] {Default Queue}  -> wl_surface#31.set_buffer_scale(1)
[ 675325.692] {Default Queue}  -> wl_surface#31.damage(34, 258, 28, 25)
[ 675325.727] {Default Queue}  -> wl_surface#31.frame(new id wl_callback#37)
[ 675325.739] {Default Queue}  -> wl_surface#31.commit()
[ 675326.384] {Default Queue} wl_buffer#36.release()
[ 675334.617] {Display Queue} wl_display#1.delete_id(37)
[ 675334.660] {Default Queue} wl_callback#37.done(1658164)
[ 675655.071] {Default Queue}  -> wl_surface#31.attach(wl_buffer#36, 0, 0)
[ 675655.103] {Default Queue}  -> wl_surface#31.set_buffer_scale(1)
[ 675655.114] {Default Queue}  -> wl_surface#31.damage(98, 164, 150, 18)
[ 675655.128] {Default Queue}  -> wl_surface#31.damage(256, 164, 150, 18)
[ 675655.161] {Default Queue}  -> wl_surface#31.frame(new id wl_callback#37)
[ 675655.174] {Default Queue}  -> wl_surface#31.commit()
[ 675655.644] {Default Queue} wl_buffer#36.release()
[ 675657.212] {Display Queue} wl_display#1.delete_id(37)
[ 675657.224] {Default Queue} wl_callback#37.done(1658487)
[ 675658.611] {Default Queue}  -> wl_surface#31.attach(wl_buffer#36, 0, 0)
[ 675658.630] {Default Queue}  -> wl_surface#31.set_buffer_scale(1)
[ 675658.635] {Default Queue}  -> wl_surface#31.damage(98, 86, 150, 18)
[ 675658.639] {Default Queue}  -> wl_surface#31.damage(256, 86, 150, 18)
[ 675658.651] {Default Queue}  -> wl_surface#31.frame(new id wl_callback#37)
[ 675658.656] {Default Queue}  -> wl_surface#31.commit()
[ 675659.104] {Default Queue} wl_buffer#36.release()
[ 675666.446] {Display Queue} wl_display#1.delete_id(37)
[ 675666.466] {Default Queue} wl_callback#37.done(1658497)
[ 675667.082] {Default Queue}  -> wl_surface#31.attach(wl_buffer#36, 0, 0)
[ 675667.105] {Default Queue}  -> wl_surface#31.set_buffer_scale(1)
[ 675667.114] {Default Queue}  -> wl_surface#31.damage(218, 138, 88, 18)
[ 675667.123] {Default Queue}  -> wl_surface#31.damage(318, 138, 88, 18)
[ 675667.154] {Default Queue}  -> wl_surface#31.frame(new id wl_callback#37)
[ 675667.169] {Default Queue}  -> wl_surface#31.commit()
[ 675667.616] {Default Queue} wl_buffer#36.release()
[ 675683.984] {Display Queue} wl_display#1.delete_id(37)
[ 675684.026] {Default Queue} wl_callback#37.done(1658513)
[ 675714.006] {Default Queue}  -> wl_surface#31.attach(wl_buffer#36, 0, 0)
[ 675714.042] {Default Queue}  -> wl_surface#31.set_buffer_scale(1)
[ 675714.056] {Default Queue}  -> wl_surface#31.damage(30, 299, 28, 25)
[ 675714.068] {Default Queue}  -> wl_surface#31.damage(92, 299, 45, 25)
[ 675714.101] {Default Queue}  -> wl_surface#31.frame(new id wl_callback#37)
[ 675714.113] {Default Queue}  -> wl_surface#31.commit()
[ 675714.690] {Default Queue} wl_buffer#36.release()
[ 675717.246] {Display Queue} wl_display#1.delete_id(37)
[ 675717.280] {Default Queue} wl_callback#37.done(1658547)
[ 675823.774] {Default Queue}  -> wl_surface#31.attach(wl_buffer#36, 0, 0)
[ 675823.813] {Default Queue}  -> wl_surface#31.set_buffer_scale(1)
[ 675823.827] {Default Queue}  -> wl_surface#31.damage(100, 254, 45, 4)
[ 675823.838] {Default Queue}  -> wl_surface#31.damage(34, 258, 28, 25)
[ 675823.848] {Default Queue}  -> wl_surface#31.damage(100, 258, 45, 25)
[ 675823.857] {Default Queue}  -> wl_surface#31.damage(100, 283, 45, 4)
[ 675823.892] {Default Queue}  -> wl_surface#31.frame(new id wl_callback#37)
[ 675823.905] {Default Queue}  -> wl_surface#31.commit()
[ 675824.758] {Default Queue} wl_buffer#36.release()
[ 675826.735] {Display Queue} wl_display#1.delete_id(37)
[ 675826.769] {Default Queue} wl_callback#37.done(1658656)
[ 675871.801] {Default Queue}  -> wl_surface#31.attach(wl_buffer#36, 0, 0)
[ 675871.842] {Default Queue}  -> wl_surface#31.set_buffer_scale(1)
[ 675871.855] {Default Queue}  -> wl_surface#31.damage(34, 258, 28, 25)
[ 675871.890] {Default Queue}  -> wl_surface#31.frame(new id wl_callback#37)
[ 675871.902] {Default Queue}  -> wl_surface#31.commit()
[ 675872.520] {Default Queue} wl_buffer#36.release()
[ 675884.078] {Display Queue} wl_display#1.delete_id(37)
[ 675884.115] {Default Queue} wl_callback#37.done(1658713)
[ 676425.785] {Default Queue}  -> wl_surface#31.attach(wl_buffer#36, 0, 0)
[ 676425.824] {Default Queue}  -> wl_surface#31.set_buffer_scale(1)
[ 676425.837] {Default Queue}  -> wl_surface#31.damage(98, 60, 150, 18)
[ 676425.848] {Default Queue}  -> wl_surface#31.damage(256, 60, 150, 18)
[ 676425.884] {Default Queue}  -> wl_surface#31.frame(new id wl_callback#37)
[ 676425.902] {Default Queue}  -> wl_surface#31.commit()
[ 676428.710] {Display Queue} wl_display#1.delete_id(37)
[ 676428.747] {Default Queue} wl_buffer#36.release()
[ 676428.761] {Default Queue} wl_callback#37.done(1659258)
[ 676437.011] {Default Queue}  -> wl_surface#31.attach(wl_buffer#36, 0, 0)
[ 676437.027] {Default Queue}  -> wl_surface#31.set_buffer_scale(1)
[ 676437.033] {Default Queue}  -> wl_surface#31.damage(30, 299, 28, 25)
[ 676437.039] {Default Queue}  -> wl_surface#31.damage(92, 299, 45, 25)
[ 676437.055] {Default Queue}  -> wl_surface#31.frame(new id wl_callback#37)
[ 676437.062] {Default Queue}  -> wl_surface#31.commit()
[ 676437.319] {Default Queue} wl_buffer#36.release()
[ 676448.459] {Display Queue} wl_display#1.delete_id(37)
[ 676448.484] {Default Queue} wl_callback#37.done(1659279)
[ 676448.925] {Default Queue}  -> wl_surface#31.attach(wl_buffer#36, 0, 0)
[ 676448.938] {Default Queue}  -> wl_surface#31.set_buffer_scale(1)
[ 676448.944] {Default Queue}  -> wl_surface#31.damage(100, 254, 45, 4)
[ 676448.950] {Default Queue}  -> wl_surface#31.damage(34, 258, 28, 25)
[ 676448.955] {Default Queue}  -> wl_surface#31.damage(100, 258, 45, 25)
[ 676448.961] {Default Queue}  -> wl_surface#31.damage(100, 283, 45, 4)
[ 676448.978] {Default Queue}  -> wl_surface#31.frame(new id wl_callback#37)
[ 676448.984] {Default Queue}  -> wl_surface#31.commit()
[ 676449.330] {Default Queue} wl_buffer#36.release()
[ 676465.577] {Display Queue} wl_display#1.delete_id(37)
[ 676465.592] {Default Queue} wl_callback#37.done(1659296)
[ 676952.417] {Default Queue}  -> wl_surface#31.attach(wl_buffer#36, 0, 0)
[ 676952.432] {Default Queue}  -> wl_surface#31.set_buffer_scale(1)
[ 676952.438] {Default Queue}  -> wl_surface#31.damage(30, 299, 28, 25)
[ 676952.442] {Default Queue}  -> wl_surface#31.damage(92, 299, 45, 25)
[ 676952.455] {Default Queue}  -> wl_surface#31.frame(new id wl_callback#37)
[ 676952.460] {Default Queue}  -> wl_surface#31.commit()
[ 676952.789] {Default Queue} wl_buffer#36.release()
[ 676953.777] {Display Queue} wl_display#1.delete_id(37)
[ 676953.790] {Default Queue} wl_callback#37.done(1659784)
[ 676970.038] {Default Queue}  -> wl_surface#31.attach(wl_buffer#36, 0, 0)
[ 676970.054] {Default Queue}  -> wl_surface#31.set_buffer_scale(1)
[ 676970.060] {Default Queue}  -> wl_surface#31.damage(34, 258, 28, 25)
[ 676970.077] {Default Queue}  -> wl_surface#31.frame(new id wl_callback#37)
[ 676970.083] {Default Queue}  -> wl_surface#31.commit()
[ 676970.298] {Default Queue} wl_buffer#36.release()
[ 676970.882] {Display Queue} wl_display#1.delete_id(37)
[ 676970.893] {Default Queue} wl_callback#37.done(1659801)
[ 676971.333] {Default Queue}  -> wl_surface#31.attach(wl_buffer#36, 0, 0)
[ 676971.348] {Default Queue}  -> wl_surface#31.set_buffer_scale(1)
[ 676971.354] {Default Queue}  -> wl_surface#31.damage(100, 254, 45, 4)
[ 676971.360] {Default Queue}  -> wl_surface#31.damage(34, 258, 28, 25)
[ 676971.366] {Default Queue}  -> wl_surface#31.damage(100, 258, 45, 25)
[ 676971.371] {Default Queue}  -> wl_surface#31.damage(100, 283, 45, 4)
[ 676971.392] {Default Queue}  -> wl_surface#31.frame(new id wl_callback#37)
[ 676971.399] {Default Queue}  -> wl_surface#31.commit()
[ 676971.740] {Default Queue} wl_buffer#36.release()
[ 676981.718] {Display Queue} wl_display#1.delete_id(37)
[ 676981.742] {Default Queue} wl_callback#37.done(1659812)
[ 677675.739] {Default Queue}  -> wl_surface#31.attach(wl_buffer#36, 0, 0)
[ 677675.795] {Default Queue}  -> wl_surface#31.set_buffer_scale(1)
[ 677675.820] {Default Queue}  -> wl_surface#31.damage(98, 60, 150, 18)
[ 677675.843] {Default Queue}  -> wl_surface#31.damage(256, 60, 150, 18)
[ 677675.898] {Default Queue}  -> wl_surface#31.frame(new id wl_callback#37)
[ 677675.914] {Default Queue}  -> wl_surface#31.commit()
[ 677679.292] {Display Queue} wl_display#1.delete_id(37)
[ 677679.317] {Default Queue} wl_buffer#36.release()
[ 677679.328] {Default Queue} wl_callback#37.done(1660508)
[ 677682.431] {Default Queue}  -> wl_surface#31.attach(wl_buffer#36, 0, 0)
[ 677682.447] {Default Queue}  -> wl_surface#31.set_buffer_scale(1)
[ 677682.455] {Default Queue}  -> wl_surface#31.damage(98, 164, 150, 18)
[ 677682.461] {Default Queue}  -> wl_surface#31.damage(256, 164, 150, 18)
[ 677682.479] {Default Queue}  -> wl_surface#31.frame(new id wl_callback#37)
[ 677682.486] {Default Queue}  -> wl_surface#31.commit()
[ 677682.898] {Default Queue} wl_buffer#36.release()
[ 677697.271] {Display Queue} wl_display#1.delete_id(37)
[ 677697.283] {Default Queue} wl_callback#37.done(1660528)
[ 677698.182] {Default Queue}  -> wl_surface#31.attach(wl_buffer#36, 0, 0)
[ 677698.196] {Default Queue}  -> wl_surface#31.set_buffer_scale(1)
[ 677698.201] {Default Queue}  -> wl_surface#31.damage(98, 86, 150, 18)
[ 677698.206] {Default Queue}  -> wl_surface#31.damage(256, 86, 150, 18)
[ 677698.211] {Default Queue}  -> wl_surface#31.damage(218, 138, 88, 18)
[ 677698.216] {Default Queue}  -> wl_surface#31.damage(318, 138, 88, 18)
[ 677698.221] {Default Queue}  -> wl_surface#31.damage(100, 254, 45, 4)
[ 677698.225] {Default Queue}  -> wl_surface#31.damage(34, 258, 28, 25)
[ 677698.230] {Default Queue}  -> wl_surface#31.damage(100, 258, 45, 25)
[ 677698.235] {Default Queue}  -> wl_surface#31.damage(100, 283, 45, 4)
[ 677698.240] {Default Queue}  -> wl_surface#31.damage(30, 299, 28, 25)
[ 677698.245] {Default Queue}  -> wl_surface#31.damage(92, 299, 45, 25)
[ 677698.260] {Default Queue}  -> wl_surface#31.frame(new id wl_callback#37)
[ 677698.267] {Default Queue}  -> wl_surface#31.commit()
[ 677698.700] {Default Queue} wl_buffer#36.release()
[ 677714.155] {Display Queue} wl_display#1.delete_id(37)
[ 677714.169] {Default Queue} wl_callback#37.done(1660544)
[ 677714.471] {Default Queue}  -> wl_surface#31.attach(wl_buffer#36, 0, 0)
[ 677714.480] {Default Queue}  -> wl_surface#31.set_buffer_scale(1)
[ 677714.485] {Default Queue}  -> wl_surface#31.damage(34, 258, 28, 25)
[ 677714.503] {Default Queue}  -> wl_surface#31.frame(new id wl_callback#37)
[ 677714.507] {Default Queue}  -> wl_surface#31.commit()
[ 677714.721] {Default Queue} wl_buffer#36.release()
[ 677730.609] {Display Queue} wl_display#1.delete_id(37)
[ 677730.626] {Default Queue} wl_callback#37.done(1660561)
[ 678206.549] {Default Queue}  -> wl_surface#31.attach(wl_buffer#36, 0, 0)
[ 678206.586] {Default Queue}  -> wl_surface#31.set_buffer_scale(1)
[ 678206.600] {Default Queue}  -> wl_surface#31.damage(30, 299, 28, 25)
[ 678206.611] {Default Queue}  -> wl_surface#31.damage(92, 299, 45, 25)
[ 678206.646] {Default Queue}  -> wl_surface#31.frame(new id wl_callback#37)
[ 678206.657] {Default Queue}  -> wl_surface#31.commit()
[ 678207.374] {Default Queue} wl_buffer#36.release()
[ 678209.567] {Display Queue} wl_display#1.delete_id(37)
[ 678209.616] {Default Queue} wl_callback#37.done(1661038)
[ 678227.330] {Default Queue}  -> wl_surface#31.attach(wl_buffer#36, 0, 0)
[ 678227.345] {Default Queue}  -> wl_surface#31.set_buffer_scale(1)
[ 678227.353] {Default Queue}  -> wl_surface#31.damage(100, 254, 45, 4)
[ 678227.361] {Default Queue}  -> wl_surface#31.damage(34, 258, 28, 25)
[ 678227.366] {Default Queue}  -> wl_surface#31.damage(100, 258, 45, 25)
[ 678227.373] {Default Queue}  -> wl_surface#31.damage(100, 283, 45, 4)
[ 678227.391] {Default Queue}  -> wl_surface#31.frame(new id wl_callback#37)
[ 678227.400] {Default Queue}  -> wl_surface#31.commit()
[ 678227.678] {Default Queue} wl_buffer#36.release()
[ 678230.250] {Display Queue} wl_display#1.delete_id(37)
[ 678230.260] {Default Queue} wl_callback#37.done(1661061)
[ 678938.960] {Default Queue}  -> wl_surface#31.attach(wl_buffer#36, 0, 0)
[ 678938.998] {Default Queue}  -> wl_surface#31.set_buffer_scale(1)
[ 678939.011] {Default Queue}  -> wl_surface#31.damage(98, 60, 150, 18)
[ 678939.023] {Default Queue}  -> wl_surface#31.damage(256, 60, 150, 18)
[ 678939.058] {Default Queue}  -> wl_surface#31.frame(new id wl_callback#37)
[ 678939.070] {Default Queue}  -> wl_surface#31.commit()
[ 678939.740] {Default Queue} wl_buffer#36.release()
[ 678941.370] {Display Queue} wl_display#1.delete_id(37)
[ 678941.406] {Default Queue} wl_callback#37.done(1661771)
[ 678948.972] {Default Queue}  -> wl_surface#31.attach(wl_buffer#36, 0, 0)
[ 678948.985] {Default Queue}  -> wl_surface#31.set_buffer_scale(1)
[ 678948.989] {Default Queue}  -> wl_surface#31.damage(30, 299, 28, 25)
[ 678948.993] {Default Queue}  -> wl_surface#31.damage(92, 299, 45, 25)
[ 678949.004] {Default Queue}  -> wl_surface#31.frame(new id wl_callback#37)
[ 678949.008] {Default Queue}  -> wl_surface#31.commit()
[ 678949.778] {Display Queue} wl_display#1.delete_id(37)
[ 678949.790] {Default Queue} wl_buffer#36.release()
[ 678949.794] {Default Queue} wl_callback#37.done(1661780)
[ 678959.734] {Default Queue}  -> wl_surface#31.attach(wl_buffer#36, 0, 0)
[ 678959.750] {Default Queue}  -> wl_surface#31.set_buffer_scale(1)
[ 678959.756] {Default Queue}  -> wl_surface#31.damage(100, 254, 45, 4)
[ 678959.762] {Default Queue}  -> wl_surface#31.damage(34, 258, 28, 25)
[ 678959.769] {Default Queue}  -> wl_surface#31.damage(100, 258, 45, 25)
[ 678959.776] {Default Queue}  -> wl_surface#31.damage(100, 283, 45, 4)
[ 678959.795] {Default Queue}  -> wl_surface#31.frame(new id wl_callback#37)
[ 678959.801] {Default Queue}  -> wl_surface#31.commit()
[ 678960.061] {Default Queue} wl_buffer#36.release()
[ 678963.418] {Display Queue} wl_display#1.delete_id(37)
[ 678963.451] {Default Queue} wl_callback#37.done(1661793)
[ 678964.263] {Default Queue}  -> wl_surface#31.attach(wl_buffer#36, 0, 0)
[ 678964.296] {Default Queue}  -> wl_surface#31.set_buffer_scale(1)
[ 678964.312] {Default Queue}  -> wl_surface#31.damage(34, 258, 28, 25)
[ 678964.355] {Default Queue}  -> wl_surface#31.frame(new id wl_callback#37)
[ 678964.372] {Default Queue}  -> wl_surface#31.commit()
[ 678964.906] {Default Queue} wl_buffer#36.release()
[ 678980.793] {Display Queue} wl_display#1.delete_id(37)
[ 678980.826] {Default Queue} wl_callback#37.done(1661810)
[ 679467.977] {Default Queue}  -> wl_surface#31.attach(wl_buffer#36, 0, 0)
[ 679468.015] {Default Queue}  -> wl_surface#31.set_buffer_scale(1)
[ 679468.029] {Default Queue}  -> wl_surface#31.damage(30, 299, 28, 25)
[ 679468.041] {Default Queue}  -> wl_surface#31.damage(92, 299, 45, 25)
[ 679468.075] {Default Queue}  -> wl_surface#31.frame(new id wl_callback#37)
[ 679468.087] {Default Queue}  -> wl_surface#31.commit()
[ 679468.785] {Default Queue} wl_buffer#36.release()
[ 679470.631] {Display Queue} wl_display#1.delete_id(37)
[ 679470.662] {Default Queue} wl_callback#37.done(1662300)
[ 679488.959] {Default Queue}  -> wl_surface#31.attach(wl_buffer#36, 0, 0)
[ 679488.976] {Default Queue}  -> wl_surface#31.set_buffer_scale(1)
[ 679488.983] {Default Queue}  -> wl_surface#31.damage(34, 258, 28, 25)
[ 679489.002] {Default Queue}  -> wl_surface#31.frame(new id wl_callback#37)
[ 679489.010] {Default Queue}  -> wl_surface#31.commit()
[ 679489.226] {Default Queue} wl_buffer#36.release()
[ 679489.814] {Display Queue} wl_display#1.delete_id(37)
[ 679489.828] {Default Queue} wl_callback#37.done(1662320)
[ 679491.251] {Default Queue}  -> wl_surface#31.attach(wl_buffer#36, 0, 0)
[ 679491.271] {Default Queue}  -> wl_surface#31.set_buffer_scale(1)
[ 679491.276] {Default Queue}  -> wl_surface#31.damage(100, 254, 45, 4)
[ 679491.279] {Default Queue}  -> wl_surface#31.damage(34, 258, 28, 25)
[ 679491.283] {Default Queue}  -> wl_surface#31.damage(100, 258, 45, 25)
[ 679491.286] {Default Queue}  -> wl_surface#31.damage(100, 283, 45, 4)
[ 679491.299] {Default Queue}  -> wl_surface#31.frame(new id wl_callback#37)
[ 679491.303] {Default Queue}  -> wl_surface#31.commit()
[ 679491.591] {Default Queue} wl_buffer#36.release()
[ 679495.333] {Display Queue} wl_display#1.delete_id(37)
[ 679495.347] {Default Queue} wl_callback#37.done(1662326)
[ 679689.385] {Default Queue}  -> wl_surface#31.attach(wl_buffer#36, 0, 0)
[ 679689.426] {Default Queue}  -> wl_surface#31.set_buffer_scale(1)
[ 679689.440] {Default Queue}  -> wl_surface#31.damage(98, 164, 150, 18)
[ 679689.451] {Default Queue}  -> wl_surface#31.damage(256, 164, 150, 18)
[ 679689.487] {Default Queue}  -> wl_surface#31.frame(new id wl_callback#37)
[ 679689.499] {Default Queue}  -> wl_surface#31.commit()
[ 679690.136] {Default Queue} wl_buffer#36.release()
[ 679692.059] {Display Queue} wl_display#1.delete_id(37)
[ 679692.108] {Default Queue} wl_callback#37.done(1662521)
[ 679696.683] {Default Queue}  -> wl_surface#31.attach(wl_buffer#36, 0, 0)
[ 679696.695] {Default Queue}  -> wl_surface#31.set_buffer_scale(1)
[ 679696.700] {Default Queue}  -> wl_surface#31.damage(98, 86, 150, 18)
[ 679696.703] {Default Queue}  -> wl_surface#31.damage(256, 86, 150, 18)
[ 679696.715] {Default Queue}  -> wl_surface#31.frame(new id wl_callback#37)
[ 679696.719] {Default Queue}  -> wl_surface#31.commit()
[ 679696.944] {Default Queue} wl_buffer#36.release()
[ 679697.549] {Display Queue} wl_display#1.delete_id(37)
[ 679697.561] {Default Queue} wl_callback#37.done(1662528)
[ 679698.797] {Default Queue}  -> wl_surface#31.attach(wl_buffer#36, 0, 0)
[ 679698.816] {Default Queue}  -> wl_surface#31.set_buffer_scale(1)
[ 679698.824] {Default Queue}  -> wl_surface#31.damage(218, 138, 88, 18)
[ 679698.831] {Default Queue}  -> wl_surface#31.damage(318, 138, 88, 18)
[ 679698.848] {Default Queue}  -> wl_surface#31.frame(new id wl_callback#37)
[ 679698.856] {Default Queue}  -> wl_surface#31.commit()
[ 679699.105] {Default Queue} wl_buffer#36.release()
[ 679712.102] {Display Queue} wl_display#1.delete_id(37)
[ 679712.122] {Default Queue} wl_callback#37.done(1662542)
[ 680204.864] {Default Queue}  -> wl_surface#31.attach(wl_buffer#36, 0, 0)
[ 680204.902] {Default Queue}  -> wl_surface#31.set_buffer_scale(1)
[ 680204.915] {Default Queue}  -> wl_surface#31.damage(98, 60, 150, 18)
[ 680204.926] {Default Queue}  -> wl_surface#31.damage(256, 60, 150, 18)
[ 680204.966] {Default Queue}  -> wl_surface#31.frame(new id wl_callback#37)
[ 680204.987] {Default Queue}  -> wl_surface#31.commit()
[ 680205.763] {Default Queue} wl_buffer#36.release()
[ 680207.769] {Display Queue} wl_display#1.delete_id(37)
[ 680207.809] {Default Queue} wl_callback#37.done(1663037)
[ 680214.212] {Default Queue}  -> wl_surface#31.attach(wl_buffer#36, 0, 0)
[ 680214.225] {Default Queue}  -> wl_surface#31.set_buffer_scale(1)
[ 680214.230] {Default Queue}  -> wl_surface#31.damage(30, 299, 28, 25)
[ 680214.233] {Default Queue}  -> wl_surface#31.damage(92, 299, 45, 25)
[ 680214.244] {Default Queue}  -> wl_surface#31.frame(new id wl_callback#37)
[ 680214.248] {Default Queue}  -> wl_surface#31.commit()
[ 680214.548] {Default Queue} wl_buffer#36.release()
[ 680227.748] {Display Queue} wl_display#1.delete_id(37)
[ 680227.761] {Default Queue} wl_callback#37.done(1663058)
[ 680228.199] {Default Queue}  -> wl_surface#31.attach(wl_buffer#36, 0, 0)
[ 680228.214] {Default Queue}  -> wl_surface#31.set_buffer_scale(1)
[ 680228.220] {Default Queue}  -> wl_surface#31.damage(100, 254, 45, 4)
[ 680228.226] {Default Queue}  -> wl_surface#31.damage(34, 258, 28, 25)
[ 680228.233] {Default Queue}  -> wl_surface#31.damage(100, 258, 45, 25)
[ 680228.241] {Default Queue}  -> wl_surface#31.damage(100, 283, 45, 4)
[ 680228.263] {Default Queue}  -> wl_surface#31.frame(new id wl_callback#37)
[ 680228.271] {Default Queue}  -> wl_surface#31.commit()
[ 680228.625] {Default Queue} wl_buffer#36.release()
[ 680244.863] {Display Queue} wl_display#1.delete_id(37)
[ 680244.877] {Default Queue} wl_callback#37.done(1663075)
[ 680732.936] {Default Queue}  -> wl_surface#31.attach(wl_buffer#36, 0, 0)
[ 680732.984] {Default Queue}  -> wl_surface#31.set_buffer_scale(1)
[ 680733.000] {Default Queue}  -> wl_surface#31.damage(30, 299, 28, 25)
[ 680733.014] {Default Queue}  -> wl_surface#31.damage(92, 299, 45, 25)
[ 680733.056] {Default Queue}  -> wl_surface#31.frame(new id wl_callback#37)
[ 680733.070] {Default Queue}  -> wl_surface#31.commit()
[ 680733.811] {Default Queue} wl_buffer#36.release()
[ 680744.122] {Display Queue} wl_display#1.delete_id(37)
[ 680744.138] {Default Queue} wl_callback#37.done(1663574)
[ 680757.292] {Default Queue}  -> wl_surface#31.attach(wl_buffer#36, 0, 0)
[ 680757.306] {Default Queue}  -> wl_surface#31.set_buffer_scale(1)
[ 680757.310] {Default Queue}  -> wl_surface#31.damage(34, 258, 28, 25)
[ 680757.322] {Default Queue}  -> wl_surface#31.frame(new id wl_callback#37)
[ 680757.326] {Default Queue}  -> wl_surface#31.commit()
[ 680757.547] {Default Queue} wl_buffer#36.release()
[ 680760.515] {Display Queue} wl_display#1.delete_id(37)
[ 680760.529] {Default Queue} wl_callback#37.done(1663591)
[ 680760.956] {Default Queue}  -> wl_surface#31.attach(wl_buffer#36, 0, 0)
[ 680760.970] {Default Queue}  -> wl_surface#31.set_buffer_scale(1)
[ 680760.974] {Default Queue}  -> wl_surface#31.damage(100, 254, 45, 4)
[ 680760.978] {Default Queue}  -> wl_surface#31.damage(34, 258, 28, 25)
[ 680760.981] {Default Queue}  -> wl_surface#31.damage(100, 258, 45, 25)
[ 680760.984] {Default Queue}  -> wl_surface#31.damage(100, 283, 45, 4)
[ 680760.998] {Default Queue}  -> wl_surface#31.frame(new id wl_callback#37)
[ 680761.003] {Default Queue}  -> wl_surface#31.commit()
[ 680761.354] {Default Queue} wl_buffer#36.release()
[ 680777.206] {Display Queue} wl_display#1.delete_id(37)
[ 680777.220] {Default Queue} wl_callback#37.done(1663608)
[ 681454.773] {Default Queue}  -> wl_surface#31.attach(wl_buffer#36, 0, 0)
[ 681454.815] {Default Queue}  -> wl_surface#31.set_buffer_scale(1)
[ 681454.829] {Default Queue}  -> wl_surface#31.damage(98, 60, 150, 18)
[ 681454.860] {Default Queue}  -> wl_surface#31.damage(256, 60, 150, 18)
[ 681454.897] {Default Queue}  -> wl_surface#31.frame(new id wl_callback#37)
[ 681454.909] {Default Queue}  -> wl_surface#31.commit()
[ 681455.665] {Default Queue} wl_buffer#36.release()
[ 681457.734] {Display Queue} wl_display#1.delete_id(37)
[ 681457.787] {Default Queue} wl_callback#37.done(1664287)
[ 681466.080] {Default Queue}  -> wl_surface#31.attach(wl_buffer#36, 0, 0)
[ 681466.101] {Default Queue}  -> wl_surface#31.set_buffer_scale(1)
[ 681466.108] {Default Queue}  -> wl_surface#31.damage(30, 299, 28, 25)
[ 681466.113] {Default Queue}  -> wl_surface#31.damage(92, 299, 45, 25)
[ 681466.128] {Default Queue}  -> wl_surface#31.frame(new id wl_callback#37)
[ 681466.134] {Default Queue}  -> wl_surface#31.commit()
[ 681466.373] {Default Queue} wl_buffer#36.release()
[ 681476.374] {Display Queue} wl_display#1.delete_id(37)
[ 681476.386] {Default Queue} wl_callback#37.done(1664307)
[ 681476.767] {Default Queue}  -> wl_surface#31.attach(wl_buffer#36, 0, 0)
[ 681476.782] {Default Queue}  -> wl_surface#31.set_buffer_scale(1)
[ 681476.785] {Default Queue}  -> wl_surface#31.damage(100, 254, 45, 4)
[ 681476.789] {Default Queue}  -> wl_surface#31.damage(34, 258, 28, 25)
[ 681476.792] {Default Queue}  -> wl_surface#31.damage(100, 258, 45, 25)
[ 681476.795] {Default Queue}  -> wl_surface#31.damage(100, 283, 45, 4)
[ 681476.814] {Default Queue}  -> wl_surface#31.frame(new id wl_callback#37)
[ 681476.820] {Default Queue}  -> wl_surface#31.commit()
[ 681477.188] {Default Queue} wl_buffer#36.release()
[ 681493.371] {Display Queue} wl_display#1.delete_id(37)
[ 681493.386] {Default Queue} wl_callback#37.done(1664324)
[ 681696.440] {Default Queue}  -> wl_surface#31.attach(wl_buffer#36, 0, 0)
[ 681696.520] {Default Queue}  -> wl_surface#31.set_buffer_scale(1)
[ 681696.536] {Default Queue}  -> wl_surface#31.damage(98, 164, 150, 18)
[ 681696.551] {Default Queue}  -> wl_surface#31.damage(256, 164, 150, 18)
[ 681696.586] {Default Queue}  -> wl_surface#31.frame(new id wl_callback#37)
[ 681696.599] {Default Queue}  -> wl_surface#31.commit()
[ 681697.230] {Default Queue} wl_buffer#36.release()
[ 681698.774] {Display Queue} wl_display#1.delete_id(37)
[ 681698.810] {Default Queue} wl_callback#37.done(1664528)
[ 681709.367] {Default Queue}  -> wl_surface#31.attach(wl_buffer#36, 0, 0)
[ 681709.407] {Default Queue}  -> wl_surface#31.set_buffer_scale(1)
[ 681709.420] {Default Queue}  -> wl_surface#31.damage(98, 86, 150, 18)
[ 681709.431] {Default Queue}  -> wl_surface#31.damage(256, 86, 150, 18)
[ 681709.466] {Default Queue}  -> wl_surface#31.frame(new id wl_callback#37)
[ 681709.478] {Default Queue}  -> wl_surface#31.commit()
[ 681710.105] {Default Queue} wl_buffer#36.release()
[ 681711.645] {Display Queue} wl_display#1.delete_id(37)
[ 681711.674] {Default Queue} wl_callback#37.done(1664541)
[ 681727.020] {Default Queue}  -> wl_surface#31.attach(wl_buffer#36, 0, 0)
[ 681727.072] {Default Queue}  -> wl_surface#31.set_buffer_scale(1)
[ 681727.097] {Default Queue}  -> wl_surface#31.damage(318, 138, 88, 18)
[ 681727.158] {Default Queue}  -> wl_surface#31.frame(new id wl_callback#37)
[ 681727.182] {Default Queue}  -> wl_surface#31.commit()
[ 681727.784] {Default Queue} wl_buffer#36.release()
[ 681729.410] {Display Queue} wl_display#1.delete_id(37)
[ 681729.449] {Default Queue} wl_callback#37.done(1664559)
[ 681730.435] {Default Queue}  -> wl_surface#31.attach(wl_buffer#36, 0, 0)
[ 681730.476] {Default Queue}  -> wl_surface#31.set_buffer_scale(1)
[ 681730.499] {Default Queue}  -> wl_surface#31.damage(218, 138, 88, 18)
[ 681730.560] {Default Queue}  -> wl_surface#31.frame(new id wl_callback#37)
[ 681730.596] {Default Queue}  -> wl_surface#31.commit()
[ 681731.200] {Default Queue} wl_buffer#36.release()
[ 681744.027] {Display Queue} wl_display#1.delete_id(37)
[ 681744.069] {Default Queue} wl_callback#37.done(1664573)
[ 681983.542] {Default Queue}  -> wl_surface#31.attach(wl_buffer#36, 0, 0)
[ 681983.585] {Default Queue}  -> wl_surface#31.set_buffer_scale(1)
[ 681983.609] {Default Queue}  -> wl_surface#31.damage(30, 299, 28, 25)
[ 681983.631] {Default Queue}  -> wl_surface#31.damage(92, 299, 45, 25)
[ 681983.692] {Default Queue}  -> wl_surface#31.frame(new id wl_callback#37)
[ 681983.717] {Default Queue}  -> wl_surface#31.commit()
[ 681984.416] {Default Queue} wl_buffer#36.release()
[ 681986.269] {Display Queue} wl_display#1.delete_id(37)
[ 681986.302] {Default Queue} wl_callback#37.done(1664815)
[ 682029.382] {Default Queue}  -> wl_surface#31.attach(wl_buffer#36, 0, 0)
[ 682029.403] {Default Queue}  -> wl_surface#31.set_buffer_scale(1)
[ 682029.409] {Default Queue}  -> wl_surface#31.damage(100, 254, 45, 4)
[ 682029.415] {Default Queue}  -> wl_surface#31.damage(34, 258, 28, 25)
[ 682029.420] {Default Queue}  -> wl_surface#31.damage(100, 258, 45, 25)
[ 682029.425] {Default Queue}  -> wl_surface#31.damage(100, 283, 45, 4)
[ 682029.441] {Default Queue}  -> wl_surface#31.frame(new id wl_callback#37)
[ 682029.447] {Default Queue}  -> wl_surface#31.commit()
[ 682029.913] {Default Queue} wl_buffer#36.release()
[ 682042.805] {Display Queue} wl_display#1.delete_id(37)
[ 682042.825] {Default Queue} wl_callback#37.done(1664873)
[ 682705.726] {Default Queue}  -> wl_surface#31.attach(wl_buffer#36, 0, 0)
[ 682705.767] {Default Queue}  -> wl_surface#31.set_buffer_scale(1)
[ 682705.781] {Default Queue}  -> wl_surface#31.damage(98, 60, 150, 18)
[ 682705.792] {Default Queue}  -> wl_surface#31.damage(256, 60, 150, 18)
[ 682705.827] {Default Queue}  -> wl_surface#31.frame(new id wl_callback#37)
[ 682705.840] {Default Queue}  -> wl_surface#31.commit()
[ 682706.583] {Default Queue} wl_buffer#36.release()
[ 682708.743] {Display Queue} wl_display#1.delete_id(37)
[ 682708.794] {Default Queue} wl_callback#37.done(1665538)
[ 682717.681] {Default Queue}  -> wl_surface#31.attach(wl_buffer#36, 0, 0)
[ 682717.697] {Default Queue}  -> wl_surface#31.set_buffer_scale(1)
[ 682717.705] {Default Queue}  -> wl_surface#31.damage(30, 299, 28, 25)
[ 682717.711] {Default Queue}  -> wl_surface#31.damage(92, 299, 45, 25)
[ 682717.726] {Default Queue}  -> wl_surface#31.frame(new id wl_callback#37)
[ 682717.735] {Default Queue}  -> wl_surface#31.commit()
[ 682717.944] {Default Queue} wl_buffer#36.release()
[ 682724.914] {Display Queue} wl_display#1.delete_id(37)
[ 682724.930] {Default Queue} wl_callback#37.done(1665555)
[ 682727.114] {Default Queue}  -> wl_surface#31.attach(wl_buffer#36, 0, 0)
[ 682727.137] {Default Queue}  -> wl_surface#31.set_buffer_scale(1)
[ 682727.144] {Default Queue}  -> wl_surface#31.damage(34, 258, 28, 25)
[ 682727.169] {Default Queue}  -> wl_surface#31.frame(new id wl_callback#37)
[ 682727.178] {Default Queue}  -> wl_surface#31.commit()
[ 682727.432] {Default Queue} wl_buffer#36.release()
[ 682741.678] {Display Queue} wl_display#1.delete_id(37)
[ 682741.697] {Default Queue} wl_callback#37.done(1665572)
[ 682742.152] {Default Queue}  -> wl_surface#31.attach(wl_buffer#36, 0, 0)
[ 682742.170] {Default Queue}  -> wl_surface#31.set_buffer_scale(1)
[ 682742.178] {Default Queue}  -> wl_surface#31.damage(100, 254, 45, 4)
[ 682742.183] {Default Queue}  -> wl_surface#31.damage(34, 258, 28, 25)
[ 682742.190] {Default Queue}  -> wl_surface#31.damage(100, 258, 45, 25)
[ 682742.196] {Default Queue}  -> wl_surface#31.damage(100, 283, 45, 4)
[ 682742.220] {Default Queue}  -> wl_surface#31.frame(new id wl_callback#37)
[ 682742.226] {Default Queue}  -> wl_surface#31.commit()
[ 682742.569] {Default Queue} wl_buffer#36.release()
[ 682758.463] {Display Queue} wl_display#1.delete_id(37)
[ 682758.481] {Default Queue} wl_callback#37.done(1665589)
[ 683236.831] {Default Queue}  -> wl_surface#31.attach(wl_buffer#36, 0, 0)
[ 683236.876] {Default Queue}  -> wl_surface#31.set_buffer_scale(1)
[ 683236.901] {Default Queue}  -> wl_surface#31.damage(30, 299, 28, 25)
[ 683236.925] {Default Queue}  -> wl_surface#31.damage(92, 299, 45, 25)
[ 683236.983] {Default Queue}  -> wl_surface#31.frame(new id wl_callback#37)
[ 683237.006] {Default Queue}  -> wl_surface#31.commit()
[ 683237.606] {Default Queue} wl_buffer#36.release()
[ 683239.260] {Display Queue} wl_display#1.delete_id(37)
[ 683239.308] {Default Queue} wl_callback#37.done(1666069)
[ 683274.585] {Default Queue}  -> wl_surface#31.attach(wl_buffer#36, 0, 0)
[ 683274.605] {Default Queue}  -> wl_surface#31.set_buffer_scale(1)
[ 683274.612] {Default Queue}  -> wl_surface#31.damage(100, 254, 45, 4)
[ 683274.620] {Default Queue}  -> wl_surface#31.damage(34, 258, 28, 25)
[ 683274.627] {Default Queue}  -> wl_surface#31.damage(100, 258, 45, 25)
[ 683274.633] {Default Queue}  -> wl_surface#31.damage(100, 283, 45, 4)
[ 683274.652] {Default Queue}  -> wl_surface#31.frame(new id wl_callback#37)
[ 683274.659] {Default Queue}  -> wl_surface#31.commit()
[ 683275.004] {Default Queue} wl_buffer#36.release()
[ 683291.296] {Display Queue} wl_display#1.delete_id(37)
[ 683291.314] {Default Queue} wl_callback#37.done(1666122)
[ 683705.179] {Default Queue}  -> wl_surface#31.attach(wl_buffer#36, 0, 0)
[ 683705.225] {Default Queue}  -> wl_surface#31.set_buffer_scale(1)
[ 683705.240] {Default Queue}  -> wl_surface#31.damage(98, 164, 150, 18)
[ 683705.253] {Default Queue}  -> wl_surface#31.damage(256, 164, 150, 18)
[ 683705.292] {Default Queue}  -> wl_surface#31.frame(new id wl_callback#37)
[ 683705.306] {Default Queue}  -> wl_surface#31.commit()
[ 683706.095] {Default Queue} wl_buffer#36.release()
[ 683707.847] {Display Queue} wl_display#1.delete_id(37)
[ 683707.900] {Default Queue} wl_callback#37.done(1666537)
[ 683956.113] {Default Queue}  -> wl_surface#31.attach(wl_buffer#36, 0, 0)
[ 683956.174] {Default Queue}  -> wl_surface#31.set_buffer_scale(1)
[ 683956.198] {Default Queue}  -> wl_surface#31.damage(98, 60, 150, 18)
[ 683956.224] {Default Queue}  -> wl_surface#31.damage(256, 60, 150, 18)
[ 683956.286] {Default Queue}  -> wl_surface#31.frame(new id wl_callback#37)
[ 683956.310] {Default Queue}  -> wl_surface#31.commit()
[ 683957.076] {Default Queue} wl_buffer#36.release()
[ 683959.160] {Display Queue} wl_display#1.delete_id(37)
[ 683959.214] {Default Queue} wl_callback#37.done(1666788)
[ 683964.214] {Default Queue}  -> wl_surface#31.attach(wl_buffer#36, 0, 0)
[ 683964.236] {Default Queue}  -> wl_surface#31.set_buffer_scale(1)
[ 683964.244] {Default Queue}  -> wl_surface#31.damage(98, 86, 150, 18)
[ 683964.252] {Default Queue}  -> wl_surface#31.damage(256, 86, 150, 18)
[ 683964.273] {Default Queue}  -> wl_surface#31.frame(new id wl_callback#37)
[ 683964.281] {Default Queue}  -> wl_surface#31.commit()
[ 683964.666] {Default Queue} wl_buffer#36.release()
[ 683973.673] {Display Queue} wl_display#1.delete_id(37)
[ 683973.687] {Default Queue} wl_callback#37.done(1666804)
[ 683974.369] {Default Queue}  -> wl_surface#31.attach(wl_buffer#36, 0, 0)
[ 683974.394] {Default Queue}  -> wl_surface#31.set_buffer_scale(1)
[ 683974.401] {Default Queue}  -> wl_surface#31.damage(218, 138, 88, 18)
[ 683974.408] {Default Queue}  -> wl_surface#31.damage(318, 138, 88, 18)
[ 683974.414] {Default Queue}  -> wl_surface#31.damage(30, 299, 28, 25)
[ 683974.433] {Default Queue}  -> wl_surface#31.damage(92, 299, 45, 25)
[ 683974.461] {Default Queue}  -> wl_surface#31.frame(new id wl_callback#37)
[ 683974.469] {Default Queue}  -> wl_surface#31.commit()
[ 683974.889] {Default Queue} wl_buffer#36.release()
[ 683990.710] {Display Queue} wl_display#1.delete_id(37)
[ 683990.729] {Default Queue} wl_callback#37.done(1666821)
[ 683991.305] {Default Queue}  -> wl_surface#31.attach(wl_buffer#36, 0, 0)
[ 683991.321] {Default Queue}  -> wl_surface#31.set_buffer_scale(1)
[ 683991.325] {Default Queue}  -> wl_surface#31.damage(100, 254, 45, 4)
[ 683991.328] {Default Queue}  -> wl_surface#31.damage(34, 258, 28, 25)
[ 683991.331] {Default Queue}  -> wl_surface#31.damage(100, 258, 45, 25)
[ 683991.334] {Default Queue}  -> wl_surface#31.damage(100, 283, 45, 4)
[ 683991.349] {Default Queue}  -> wl_surface#31.frame(new id wl_callback#37)
[ 683991.352] {Default Queue}  -> wl_surface#31.commit()
[ 683991.837] {Default Queue} wl_buffer#36.release()
[ 684006.959] {Display Queue} wl_display#1.delete_id(37)
[ 684006.975] {Default Queue} wl_callback#37.done(1666837)
[ 684486.834] {Default Queue}  -> wl_surface#31.attach(wl_buffer#36, 0, 0)
[ 684486.873] {Default Queue}  -> wl_surface#31.set_buffer_scale(1)
[ 684486.887] {Default Queue}  -> wl_surface#31.damage(30, 299, 28, 25)
[ 684486.898] {Default Queue}  -> wl_surface#31.damage(92, 299, 45, 25)
[ 684486.932] {Default Queue}  -> wl_surface#31.frame(new id wl_callback#37)
[ 684486.945] {Default Queue}  -> wl_surface#31.commit()
[ 684487.673] {Default Queue} wl_buffer#36.release()
[ 684489.805] {Display Queue} wl_display#1.delete_id(37)
[ 684489.852] {Default Queue} wl_callback#37.done(1667319)
[ 684507.402] {Default Queue}  -> wl_surface#31.attach(wl_buffer#36, 0, 0)
[ 684507.417] {Default Queue}  -> wl_surface#31.set_buffer_scale(1)
[ 684507.423] {Default Queue}  -> wl_surface#31.damage(100, 254, 45, 4)
[ 684507.429] {Default Queue}  -> wl_surface#31.damage(34, 258, 28, 25)
[ 684507.435] {Default Queue}  -> wl_surface#31.damage(100, 258, 45, 25)
[ 684507.440] {Default Queue}  -> wl_surface#31.damage(100, 283, 45, 4)
[ 684507.455] {Default Queue}  -> wl_surface#31.frame(new id wl_callback#37)
[ 684507.461] {Default Queue}  -> wl_surface#31.commit()
[ 684507.681] {Default Queue} wl_buffer#36.release()
[ 684508.289] {Display Queue} wl_display#1.delete_id(37)
[ 684508.300] {Default Queue} wl_callback#37.done(1667339)
[ 684508.660] {Default Queue}  -> wl_surface#31.attach(wl_buffer#36, 0, 0)
[ 684508.670] {Default Queue}  -> wl_surface#31.set_buffer_scale(1)
[ 684508.674] {Default Queue}  -> wl_surface#31.damage(34, 258, 28, 25)
[ 684508.686] {Default Queue}  -> wl_surface#31.frame(new id wl_callback#37)
[ 684508.690] {Default Queue}  -> wl_surface#31.commit()
[ 684508.945] {Default Queue} wl_buffer#36.release()
[ 684523.203] {Display Queue} wl_display#1.delete_id(37)
[ 684523.217] {Default Queue} wl_callback#37.done(1667354)
[ 685207.123] {Default Queue}  -> wl_surface#31.attach(wl_buffer#36, 0, 0)
[ 685207.161] {Default Queue}  -> wl_surface#31.set_buffer_scale(1)
[ 685207.175] {Default Queue}  -> wl_surface#31.damage(98, 60, 150, 18)
[ 685207.186] {Default Queue}  -> wl_surface#31.damage(256, 60, 150, 18)
[ 685207.223] {Default Queue}  -> wl_surface#31.frame(new id wl_callback#37)
[ 685207.236] {Default Queue}  -> wl_surface#31.commit()
[ 685207.943] {Default Queue} wl_buffer#36.release()
[ 685209.773] {Display Queue} wl_display#1.delete_id(37)
[ 685209.824] {Default Queue} wl_callback#37.done(1668039)
[ 685221.723] {Default Queue}  -> wl_surface#31.attach(wl_buffer#36, 0, 0)
[ 685221.754] {Default Queue}  -> wl_surface#31.set_buffer_scale(1)
[ 685221.763] {Default Queue}  -> wl_surface#31.damage(30, 299, 28, 25)
[ 685221.771] {Default Queue}  -> wl_surface#31.damage(92, 299, 45, 25)
[ 685221.793] {Default Queue}  -> wl_surface#31.frame(new id wl_callback#37)
[ 685221.801] {Default Queue}  -> wl_surface#31.commit()
[ 685222.950] {Default Queue} wl_buffer#36.release()
[ 685239.327] {Display Queue} wl_display#1.delete_id(37)
[ 685239.360] {Default Queue} wl_callback#37.done(1668069)
[ 685245.211] {Default Queue}  -> wl_surface#31.attach(wl_buffer#36, 0, 0)
[ 685245.231] {Default Queue}  -> wl_surface#31.set_buffer_scale(1)
[ 685245.237] {Default Queue}  -> wl_surface#31.damage(34, 258, 28, 25)
[ 685245.254] {Default Queue}  -> wl_surface#31.frame(new id wl_callback#37)
[ 685245.260] {Default Queue}  -> wl_surface#31.commit()
[ 685245.584] {Default Queue} wl_buffer#36.release()
[ 685255.622] {Display Queue} wl_display#1.delete_id(37)
[ 685255.638] {Default Queue} wl_callback#37.done(1668086)
[ 685256.213] {Default Queue}  -> wl_surface#31.attach(wl_buffer#36, 0, 0)
[ 685256.234] {Default Queue}  -> wl_surface#31.set_buffer_scale(1)
[ 685256.241] {Default Queue}  -> wl_surface#31.damage(100, 254, 45, 4)
[ 685256.248] {Default Queue}  -> wl_surface#31.damage(34, 258, 28, 25)
[ 685256.255] {Default Queue}  -> wl_surface#31.damage(100, 258, 45, 25)
[ 685256.262] {Default Queue}  -> wl_surface#31.damage(100, 283, 45, 4)
[ 685256.288] {Default Queue}  -> wl_surface#31.frame(new id wl_callback#37)
[ 685256.296] {Default Queue}  -> wl_surface#31.commit()
[ 685256.742] {Default Queue} wl_buffer#36.release()
[ 685272.494] {Display Queue} wl_display#1.delete_id(37)
[ 685272.518] {Default Queue} wl_callback#37.done(1668103)
[ 685713.172] {Default Queue}  -> wl_surface#31.attach(wl_buffer#36, 0, 0)
[ 685713.218] {Default Queue}  -> wl_surface#31.set_buffer_scale(1)
[ 685713.234] {Default Queue}  -> wl_surface#31.damage(98, 164, 150, 18)
[ 685713.247] {Default Queue}  -> wl_surface#31.damage(256, 164, 150, 18)
[ 685713.286] {Default Queue}  -> wl_surface#31.frame(new id wl_callback#37)
[ 685713.300] {Default Queue}  -> wl_surface#31.commit()
[ 685714.203] {Default Queue} wl_buffer#36.release()
[ 685715.902] {Display Queue} wl_display#1.delete_id(37)
[ 685715.947] {Default Queue} wl_callback#37.done(1668545)
[ 685736.945] {Default Queue}  -> wl_surface#31.attach(wl_buffer#36, 0, 0)
[ 685736.957] {Default Queue}  -> wl_surface#31.set_buffer_scale(1)
[ 685736.962] {Default Queue}  -> wl_surface#31.damage(30, 299, 28, 25)
[ 685736.966] {Default Queue}  -> wl_surface#31.damage(92, 299, 45, 25)
[ 685736.977] {Default Queue}  -> wl_surface#31.frame(new id wl_callback#37)
[ 685736.981] {Default Queue}  -> wl_surface#31.commit()
[ 685737.293] {Default Queue} wl_buffer#36.release()
[ 685738.161] {Display Queue} wl_display#1.delete_id(37)
[ 685738.171] {Default Queue} wl_callback#37.done(1668569)
[ 685787.966] {Default Queue}  -> wl_surface#31.attach(wl_buffer#36, 0, 0)
[ 685787.988] {Default Queue}  -> wl_surface#31.set_buffer_scale(1)
[ 685787.994] {Default Queue}  -> wl_surface#31.damage(34, 258, 28, 25)
[ 685788.011] {Default Queue}  -> wl_surface#31.frame(new id wl_callback#37)
[ 685788.017] {Default Queue}  -> wl_surface#31.commit()
[ 685788.312] {Default Queue} wl_buffer#36.release()
[ 685805.018] {Display Queue} wl_display#1.delete_id(37)
[ 685805.033] {Default Queue} wl_callback#37.done(1668635)
[ 685805.517] {Default Queue}  -> wl_surface#31.attach(wl_buffer#36, 0, 0)
[ 685805.532] {Default Queue}  -> wl_surface#31.set_buffer_scale(1)
[ 685805.537] {Default Queue}  -> wl_surface#31.damage(100, 254, 45, 4)
[ 685805.542] {Default Queue}  -> wl_surface#31.damage(34, 258, 28, 25)
[ 685805.546] {Default Queue}  -> wl_surface#31.damage(100, 258, 45, 25)
[ 685805.550] {Default Queue}  -> wl_surface#31.damage(100, 283, 45, 4)
[ 685805.566] {Default Queue}  -> wl_surface#31.frame(new id wl_callback#37)
[ 685805.571] {Default Queue}  -> wl_surface#31.commit()
[ 685805.871] {Default Queue} wl_buffer#36.release()
[ 685821.767] {Display Queue} wl_display#1.delete_id(37)
[ 685821.784] {Default Queue} wl_callback#37.done(1668652)
[ 685976.790] {Default Queue}  -> wl_surface#31.attach(wl_buffer#36, 0, 0)
[ 685976.827] {Default Queue}  -> wl_surface#31.set_buffer_scale(1)
[ 685976.840] {Default Queue}  -> wl_surface#31.damage(98, 86, 150, 18)
[ 685976.852] {Default Queue}  -> wl_surface#31.damage(256, 86, 150, 18)
[ 685976.887] {Default Queue}  -> wl_surface#31.frame(new id wl_callback#37)
[ 685976.899] {Default Queue}  -> wl_surface#31.commit()
[ 685977.607] {Default Queue} wl_buffer#36.release()
[ 685979.258] {Display Queue} wl_display#1.delete_id(37)
[ 685979.303] {Default Queue} wl_callback#37.done(1668809)
[ 685994.155] {Default Queue}  -> wl_surface#31.attach(wl_buffer#36, 0, 0)
[ 685994.193] {Default Queue}  -> wl_surface#31.set_buffer_scale(1)
[ 685994.207] {Default Queue}  -> wl_surface#31.damage(218, 138, 88, 18)
[ 685994.218] {Default Queue}  -> wl_surface#31.damage(318, 138, 88, 18)
[ 685994.253] {Default Queue}  -> wl_surface#31.frame(new id wl_callback#37)
[ 685994.265] {Default Queue}  -> wl_surface#31.commit()
[ 685994.832] {Default Queue} wl_buffer#36.release()
[ 685996.416] {Display Queue} wl_display#1.delete_id(37)
[ 685996.455] {Default Queue} wl_callback#37.done(1668826)
[ 686470.990] {Default Queue}  -> wl_surface#31.attach(wl_buffer#36, 0, 0)
[ 686471.027] {Default Queue}  -> wl_surface#31.set_buffer_scale(1)
[ 686471.040] {Default Queue}  -> wl_surface#31.damage(98, 60, 150, 18)
[ 686471.051] {Default Queue}  -> wl_surface#31.damage(256, 60, 150, 18)
[ 686471.087] {Default Queue}  -> wl_surface#31.frame(new id wl_callback#37)
[ 686471.098] {Default Queue}  -> wl_surface#31.commit()
[ 686471.773] {Default Queue} wl_buffer#36.release()
[ 686473.661] {Display Queue} wl_display#1.delete_id(37)
[ 686473.707] {Default Queue} wl_callback#37.done(1669303)
[ 686480.561] {Default Queue}  -> wl_surface#31.attach(wl_buffer#36, 0, 0)
[ 686480.576] {Default Queue}  -> wl_surface#31.set_buffer_scale(1)
[ 686480.580] {Default Queue}  -> wl_surface#31.damage(30, 299, 28, 25)
[ 686480.584] {Default Queue}  -> wl_surface#31.damage(92, 299, 45, 25)
[ 686480.602] {Default Queue}  -> wl_surface#31.frame(new id wl_callback#37)
[ 686480.606] {Default Queue}  -> wl_surface#31.commit()
[ 686480.890] {Default Queue} wl_buffer#36.release()
[ 686487.474] {Display Queue} wl_display#1.delete_id(37)
[ 686487.489] {Default Queue} wl_callback#37.done(1669318)
[ 686491.429] {Default Queue}  -> wl_surface#31.attach(wl_buffer#36, 0, 0)
[ 686491.443] {Default Queue}  -> wl_surface#31.set_buffer_scale(1)
[ 686491.449] {Default Queue}  -> wl_surface#31.damage(34, 258, 28, 25)
[ 686491.464] {Default Queue}  -> wl_surface#31.frame(new id wl_callback#37)
[ 686491.470] {Default Queue}  -> wl_surface#31.commit()
[ 686491.684] {Default Queue} wl_buffer#36.release()
[ 686504.395] {Display Queue} wl_display#1.delete_id(37)
[ 686504.409] {Default Queue} wl_callback#37.done(1669335)
[ 686504.910] {Default Queue}  -> wl_surface#31.attach(wl_buffer#36, 0, 0)
[ 686504.926] {Default Queue}  -> wl_surface#31.set_buffer_scale(1)
[ 686504.930] {Default Queue}  -> wl_surface#31.damage(100, 254, 45, 4)
[ 686504.934] {Default Queue}  -> wl_surface#31.damage(34, 258, 28, 25)
[ 686504.937] {Default Queue}  -> wl_surface#31.damage(100, 258, 45, 25)
[ 686504.940] {Default Queue}  -> wl_surface#31.damage(100, 283, 45, 4)
[ 686504.953] {Default Queue}  -> wl_surface#31.frame(new id wl_callback#37)
[ 686504.958] {Default Queue}  -> wl_surface#31.commit()
[ 686505.325] {Default Queue} wl_buffer#36.release()
[ 686521.115] {Display Queue} wl_display#1.delete_id(37)
[ 686521.132] {Default Queue} wl_callback#37.done(1669351)
[ 686999.448] {Default Queue}  -> wl_surface#31.attach(wl_buffer#36, 0, 0)
[ 686999.486] {Default Queue}  -> wl_surface#31.set_buffer_scale(1)
[ 686999.499] {Default Queue}  -> wl_surface#31.damage(30, 299, 28, 25)
[ 686999.510] {Default Queue}  -> wl_surface#31.damage(92, 299, 45, 25)
[ 686999.544] {Default Queue}  -> wl_surface#31.frame(new id wl_callback#37)
[ 686999.556] {Default Queue}  -> wl_surface#31.commit()
[ 687000.291] {Default Queue} wl_buffer#36.release()
[ 687002.111] {Display Queue} wl_display#1.delete_id(37)
[ 687002.155] {Default Queue} wl_callback#37.done(1669831)
[ 687039.865] {Default Queue}  -> wl_surface#31.attach(wl_buffer#36, 0, 0)
[ 687039.881] {Default Queue}  -> wl_surface#31.set_buffer_scale(1)
[ 687039.887] {Default Queue}  -> wl_surface#31.damage(34, 258, 28, 25)
[ 687039.900] {Default Queue}  -> wl_surface#31.frame(new id wl_callback#37)
[ 687039.906] {Default Queue}  -> wl_surface#31.commit()
[ 687040.167] {Default Queue} wl_buffer#36.release()
[ 687053.946] {Display Queue} wl_display#1.delete_id(37)
[ 687053.961] {Default Queue} wl_callback#37.done(1669884)
[ 687054.375] {Default Queue}  -> wl_surface#31.attach(wl_buffer#36, 0, 0)
[ 687054.387] {Default Queue}  -> wl_surface#31.set_buffer_scale(1)
[ 687054.392] {Default Queue}  -> wl_surface#31.damage(100, 254, 45, 4)
[ 687054.396] {Default Queue}  -> wl_surface#31.damage(34, 258, 28, 25)
[ 687054.399] {Default Queue}  -> wl_surface#31.damage(100, 258, 45, 25)
[ 687054.402] {Default Queue}  -> wl_surface#31.damage(100, 283, 45, 4)
[ 687054.415] {Default Queue}  -> wl_surface#31.frame(new id wl_callback#37)
[ 687054.420] {Default Queue}  -> wl_surface#31.commit()
[ 687054.750] {Default Queue} wl_buffer#36.release()
[ 687070.459] {Display Queue} wl_display#1.delete_id(37)
[ 687070.474] {Default Queue} wl_callback#37.done(1669901)
[ 687722.825] {Default Queue}  -> wl_surface#31.attach(wl_buffer#36, 0, 0)
[ 687722.867] {Default Queue}  -> wl_surface#31.set_buffer_scale(1)
[ 687722.880] {Default Queue}  -> wl_surface#31.damage(98, 60, 150, 18)
[ 687722.891] {Default Queue}  -> wl_surface#31.damage(256, 60, 150, 18)
[ 687722.931] {Default Queue}  -> wl_surface#31.frame(new id wl_callback#37)
[ 687722.944] {Default Queue}  -> wl_surface#31.commit()
[ 687723.653] {Default Queue} wl_buffer#36.release()
[ 687736.017] {Display Queue} wl_display#1.delete_id(37)
[ 687736.030] {Default Queue} wl_callback#37.done(1670566)
[ 687736.753] {Default Queue}  -> wl_surface#31.attach(wl_buffer#36, 0, 0)
[ 687736.783] {Default Queue}  -> wl_surface#31.set_buffer_scale(1)
[ 687736.789] {Default Queue}  -> wl_surface#31.damage(98, 164, 150, 18)
[ 687736.795] {Default Queue}  -> wl_surface#31.damage(256, 164, 150, 18)
[ 687736.800] {Default Queue}  -> wl_surface#31.damage(30, 299, 28, 25)
[ 687736.804] {Default Queue}  -> wl_surface#31.damage(92, 299, 45, 25)
[ 687736.830] {Default Queue}  -> wl_surface#31.frame(new id wl_callback#37)
[ 687736.837] {Default Queue}  -> wl_surface#31.commit()
[ 687737.329] {Default Queue} wl_buffer#36.release()
[ 687753.875] {Display Queue} wl_display#1.delete_id(37)
[ 687753.908] {Default Queue} wl_callback#37.done(1670583)
[ 687754.812] {Default Queue}  -> wl_surface#31.attach(wl_buffer#36, 0, 0)
[ 687754.843] {Default Queue}  -> wl_surface#31.set_buffer_scale(1)
[ 687754.855] {Default Queue}  -> wl_surface#31.damage(100, 254, 45, 4)
[ 687754.866] {Default Queue}  -> wl_surface#31.damage(34, 258, 28, 25)
[ 687754.876] {Default Queue}  -> wl_surface#31.damage(100, 258, 45, 25)
[ 687754.886] {Default Queue}  -> wl_surface#31.damage(100, 283, 45, 4)
[ 687754.924] {Default Queue}  -> wl_surface#31.frame(new id wl_callback#37)
[ 687754.945] {Default Queue}  -> wl_surface#31.commit()
[ 687755.569] {Default Queue} wl_buffer#36.release()
[ 687770.368] {Display Queue} wl_display#1.delete_id(37)
[ 687770.402] {Default Queue} wl_callback#37.done(1670600)
[ 687989.089] {Default Queue}  -> wl_surface#31.attach(wl_buffer#36, 0, 0)
[ 687989.127] {Default Queue}  -> wl_surface#31.set_buffer_scale(1)
[ 687989.140] {Default Queue}  -> wl_surface#31.damage(98, 86, 150, 18)
[ 687989.151] {Default Queue}  -> wl_surface#31.damage(256, 86, 150, 18)
[ 687989.186] {Default Queue}  -> wl_surface#31.frame(new id wl_callback#37)
[ 687989.198] {Default Queue}  -> wl_surface#31.commit()
[ 687989.935] {Default Queue} wl_buffer#36.release()
[ 687991.623] {Display Queue} wl_display#1.delete_id(37)
[ 687991.653] {Default Queue} wl_callback#37.done(1670821)
[ 688013.241] {Default Queue}  -> wl_surface#31.attach(wl_buffer#36, 0, 0)
[ 688013.286] {Default Queue}  -> wl_surface#31.set_buffer_scale(1)
[ 688013.305] {Default Queue}  -> wl_surface#31.damage(218, 138, 88, 18)
[ 688013.323] {Default Queue}  -> wl_surface#31.damage(318, 138, 88, 18)
[ 688013.370] {Default Queue}  -> wl_surface#31.frame(new id wl_callback#37)
[ 688013.388] {Default Queue}  -> wl_surface#31.commit()
[ 688014.047] {Default Queue} wl_buffer#36.release()
[ 688015.523] {Display Queue} wl_display#1.delete_id(37)
[ 688015.554] {Default Queue} wl_callback#37.done(1670845)
[ 688251.556] {Default Queue}  -> wl_surface#31.attach(wl_buffer#36, 0, 0)
[ 688251.593] {Default Queue}  -> wl_surface#31.set_buffer_scale(1)
[ 688251.606] {Default Queue}  -> wl_surface#31.damage(30, 299, 28, 25)
[ 688251.617] {Default Queue}  -> wl_surface#31.damage(92, 299, 45, 25)
[ 688251.651] {Default Queue}  -> wl_surface#31.frame(new id wl_callback#37)
[ 688251.662] {Default Queue}  -> wl_surface#31.commit()
[ 688252.254] {Default Queue} wl_buffer#36.release()
[ 688254.164] {Display Queue} wl_display#1.delete_id(37)
[ 688254.213] {Default Queue} wl_callback#37.done(1671083)
[ 688298.616] {Default Queue}  -> wl_surface#31.attach(wl_buffer#36, 0, 0)
[ 688298.636] {Default Queue}  -> wl_surface#31.set_buffer_scale(1)
[ 688298.642] {Default Queue}  -> wl_surface#31.damage(100, 254, 45, 4)
[ 688298.648] {Default Queue}  -> wl_surface#31.damage(34, 258, 28, 25)
[ 688298.653] {Default Queue}  -> wl_surface#31.damage(100, 258, 45, 25)
[ 688298.657] {Default Queue}  -> wl_surface#31.damage(100, 283, 45, 4)
[ 688298.674] {Default Queue}  -> wl_surface#31.frame(new id wl_callback#37)
[ 688298.680] {Default Queue}  -> wl_surface#31.commit()
[ 688299.051] {Default Queue} wl_buffer#36.release()
[ 688302.361] {Display Queue} wl_display#1.delete_id(37)
[ 688302.376] {Default Queue} wl_callback#37.done(1671133)
[ 688972.564] {Default Queue}  -> wl_surface#31.attach(wl_buffer#36, 0, 0)
[ 688972.607] {Default Queue}  -> wl_surface#31.set_buffer_scale(1)
[ 688972.627] {Default Queue}  -> wl_surface#31.damage(98, 60, 150, 18)
[ 688972.650] {Default Queue}  -> wl_surface#31.damage(256, 60, 150, 18)
[ 688972.699] {Default Queue}  -> wl_surface#31.frame(new id wl_callback#37)
[ 688972.717] {Default Queue}  -> wl_surface#31.commit()
[ 688973.458] {Default Queue} wl_buffer#36.release()
[ 688975.476] {Display Queue} wl_display#1.delete_id(37)
[ 688975.520] {Default Queue} wl_callback#37.done(1671804)
[ 688986.333] {Default Queue}  -> wl_surface#31.attach(wl_buffer#36, 0, 0)
[ 688986.353] {Default Queue}  -> wl_surface#31.set_buffer_scale(1)
[ 688986.357] {Default Queue}  -> wl_surface#31.damage(30, 299, 28, 25)
[ 688986.361] {Default Queue}  -> wl_surface#31.damage(92, 299, 45, 25)
[ 688986.371] {Default Queue}  -> wl_surface#31.frame(new id wl_callback#37)
[ 688986.375] {Default Queue}  -> wl_surface#31.commit()
[ 688986.681] {Default Queue} wl_buffer#36.release()
[ 688987.432] {Display Queue} wl_display#1.delete_id(37)
[ 688987.442] {Default Queue} wl_callback#37.done(1671818)
[ 688999.585] {Default Queue}  -> wl_surface#31.attach(wl_buffer#36, 0, 0)
[ 688999.597] {Default Queue}  -> wl_surface#31.set_buffer_scale(1)
[ 688999.603] {Default Queue}  -> wl_surface#31.damage(100, 254, 45, 4)
[ 688999.608] {Default Queue}  -> wl_surface#31.damage(34, 258, 28, 25)
[ 688999.614] {Default Queue}  -> wl_surface#31.damage(100, 258, 45, 25)
[ 688999.619] {Default Queue}  -> wl_surface#31.damage(100, 283, 45, 4)
[ 688999.635] {Default Queue}  -> wl_surface#31.frame(new id wl_callback#37)
[ 688999.643] {Default Queue}  -> wl_surface#31.commit()
[ 688999.915] {Default Queue} wl_buffer#36.release()
[ 689001.277] {Display Queue} wl_display#1.delete_id(37)
[ 689001.286] {Default Queue} wl_callback#37.done(1671832)
[ 689001.659] {Default Queue}  -> wl_surface#31.attach(wl_buffer#36, 0, 0)
[ 689001.677] {Default Queue}  -> wl_surface#31.set_buffer_scale(1)
[ 689001.683] {Default Queue}  -> wl_surface#31.damage(34, 258, 28, 25)
[ 689001.707] {Default Queue}  -> wl_surface#31.frame(new id wl_callback#37)
[ 689001.713] {Default Queue}  -> wl_surface#31.commit()
[ 689001.960] {Default Queue} wl_buffer#36.release()
[ 689018.508] {Display Queue} wl_display#1.delete_id(37)
[ 689018.521] {Default Queue} wl_callback#37.done(1671849)
[ 689504.723] {Default Queue}  -> wl_surface#31.attach(wl_buffer#36, 0, 0)
[ 689504.763] {Default Queue}  -> wl_surface#31.set_buffer_scale(1)
[ 689504.777] {Default Queue}  -> wl_surface#31.damage(30, 299, 28, 25)
[ 689504.788] {Default Queue}  -> wl_surface#31.damage(92, 299, 45, 25)
[ 689504.823] {Default Queue}  -> wl_surface#31.frame(new id wl_callback#37)
[ 689504.835] {Default Queue}  -> wl_surface#31.commit()
[ 689505.571] {Default Queue} wl_buffer#36.release()
[ 689507.414] {Display Queue} wl_display#1.delete_id(37)
[ 689507.453] {Default Queue} wl_callback#37.done(1672337)
[ 689523.853] {Default Queue}  -> wl_surface#31.attach(wl_buffer#36, 0, 0)
[ 689523.867] {Default Queue}  -> wl_surface#31.set_buffer_scale(1)
[ 689523.875] {Default Queue}  -> wl_surface#31.damage(100, 254, 45, 4)
[ 689523.881] {Default Queue}  -> wl_surface#31.damage(34, 258, 28, 25)
[ 689523.888] {Default Queue}  -> wl_surface#31.damage(100, 258, 45, 25)
[ 689523.895] {Default Queue}  -> wl_surface#31.damage(100, 283, 45, 4)
[ 689523.914] {Default Queue}  -> wl_surface#31.frame(new id wl_callback#37)
[ 689523.926] {Default Queue}  -> wl_surface#31.commit()
[ 689524.184] {Default Queue} wl_buffer#36.release()
[ 689525.043] {Display Queue} wl_display#1.delete_id(37)
[ 689525.053] {Default Queue} wl_callback#37.done(1672355)
[ 689525.396] {Default Queue}  -> wl_surface#31.attach(wl_buffer#36, 0, 0)
[ 689525.409] {Default Queue}  -> wl_surface#31.set_buffer_scale(1)
[ 689525.416] {Default Queue}  -> wl_surface#31.damage(34, 258, 28, 25)
[ 689525.438] {Default Queue}  -> wl_surface#31.frame(new id wl_callback#37)
[ 689525.448] {Default Queue}  -> wl_surface#31.commit()
[ 689525.635] {Default Queue} wl_buffer#36.release()
[ 689535.230] {Display Queue} wl_display#1.delete_id(37)
[ 689535.270] {Default Queue} wl_callback#37.done(1672365)
[ 689737.473] {Default Queue}  -> wl_surface#31.attach(wl_buffer#36, 0, 0)
[ 689737.518] {Default Queue}  -> wl_surface#31.set_buffer_scale(1)
[ 689737.541] {Default Queue}  -> wl_surface#31.damage(98, 164, 150, 18)
[ 689737.563] {Default Queue}  -> wl_surface#31.damage(256, 164, 150, 18)
[ 689737.621] {Default Queue}  -> wl_surface#31.frame(new id wl_callback#37)
[ 689737.645] {Default Queue}  -> wl_surface#31.commit()
[ 689738.279] {Default Queue} wl_buffer#36.release()
[ 689740.016] {Display Queue} wl_display#1.delete_id(37)
[ 689740.052] {Default Queue} wl_callback#37.done(1672569)
[ 690224.137] {Default Queue}  -> wl_surface#31.attach(wl_buffer#36, 0, 0)
[ 690224.193] {Default Queue}  -> wl_surface#31.set_buffer_scale(1)
[ 690224.219] {Default Queue}  -> wl_surface#31.damage(98, 60, 150, 18)
[ 690224.243] {Default Queue}  -> wl_surface#31.damage(256, 60, 150, 18)
[ 690224.304] {Default Queue}  -> wl_surface#31.frame(new id wl_callback#37)
[ 690224.327] {Default Queue}  -> wl_surface#31.commit()
[ 690224.965] {Default Queue} wl_buffer#36.release()
[ 690226.796] {Display Queue} wl_display#1.delete_id(37)
[ 690226.843] {Default Queue} wl_callback#37.done(1673056)
[ 690231.897] {Default Queue}  -> wl_surface#31.attach(wl_buffer#36, 0, 0)
[ 690231.919] {Default Queue}  -> wl_surface#31.set_buffer_scale(1)
[ 690231.926] {Default Queue}  -> wl_surface#31.damage(98, 86, 150, 18)
[ 690231.932] {Default Queue}  -> wl_surface#31.damage(256, 86, 150, 18)
[ 690231.952] {Default Queue}  -> wl_surface#31.frame(new id wl_callback#37)
[ 690231.959] {Default Queue}  -> wl_surface#31.commit()
[ 690232.334] {Default Queue} wl_buffer#36.release()
[ 690250.094] {Display Queue} wl_display#1.delete_id(37)
[ 690250.111] {Default Queue} wl_callback#37.done(1673080)
[ 690250.994] {Default Queue}  -> wl_surface#31.attach(wl_buffer#36, 0, 0)
[ 690251.012] {Default Queue}  -> wl_surface#31.set_buffer_scale(1)
[ 690251.017] {Default Queue}  -> wl_surface#31.damage(218, 138, 88, 18)
[ 690251.022] {Default Queue}  -> wl_surface#31.damage(318, 138, 88, 18)
[ 690251.026] {Default Queue}  -> wl_surface#31.damage(100, 254, 45, 4)
[ 690251.031] {Default Queue}  -> wl_surface#31.damage(34, 258, 28, 25)
[ 690251.036] {Default Queue}  -> wl_surface#31.damage(100, 258, 45, 25)
[ 690251.041] {Default Queue}  -> wl_surface#31.damage(100, 283, 45, 4)
[ 690251.046] {Default Queue}  -> wl_surface#31.damage(30, 299, 28, 25)
[ 690251.050] {Default Queue}  -> wl_surface#31.damage(92, 299, 45, 25)
[ 690251.069] {Default Queue}  -> wl_surface#31.frame(new id wl_callback#37)
[ 690251.074] {Default Queue}  -> wl_surface#31.commit()
[ 690251.545] {Default Queue} wl_buffer#36.release()
[ 690266.901] {Display Queue} wl_display#1.delete_id(37)
[ 690266.915] {Default Queue} wl_callback#37.done(1673097)
[ 690753.310] {Default Queue}  -> wl_surface#31.attach(wl_buffer#36, 0, 0)
[ 690753.348] {Default Queue}  -> wl_surface#31.set_buffer_scale(1)
[ 690753.362] {Default Queue}  -> wl_surface#31.damage(30, 299, 28, 25)
[ 690753.373] {Default Queue}  -> wl_surface#31.damage(92, 299, 45, 25)
[ 690753.408] {Default Queue}  -> wl_surface#31.frame(new id wl_callback#37)
[ 690753.420] {Default Queue}  -> wl_surface#31.commit()
[ 690754.076] {Default Queue} wl_buffer#36.release()
[ 690755.921] {Display Queue} wl_display#1.delete_id(37)
[ 690755.963] {Default Queue} wl_callback#37.done(1673585)
[ 690773.182] {Default Queue}  -> wl_surface#31.attach(wl_buffer#36, 0, 0)
[ 690773.194] {Default Queue}  -> wl_surface#31.set_buffer_scale(1)
[ 690773.199] {Default Queue}  -> wl_surface#31.damage(100, 254, 45, 4)
[ 690773.203] {Default Queue}  -> wl_surface#31.damage(34, 258, 28, 25)
[ 690773.206] {Default Queue}  -> wl_surface#31.damage(100, 258, 45, 25)
[ 690773.209] {Default Queue}  -> wl_surface#31.damage(100, 283, 45, 4)
[ 690773.220] {Default Queue}  -> wl_surface#31.frame(new id wl_callback#37)
[ 690773.225] {Default Queue}  -> wl_surface#31.commit()
[ 690773.451] {Default Queue} wl_buffer#36.release()
[ 690773.985] {Display Queue} wl_display#1.delete_id(37)
[ 690773.995] {Default Queue} wl_callback#37.done(1673604)
 2026-04-24T19:56:29.919Z INFO  eww::app        > Closing gtk window dashboard
[ 691330.684] {Default Queue}  -> zwlr_layer_surface_v1#34.destroy()
[ 691330.706] {Default Queue}  -> wl_surface#31.destroy()
[ 691330.714] {Default Queue}  -> wl_buffer#36.destroy()
[ 691330.717] {Default Queue}  -> wl_shm_pool#35.destroy()
[ 691335.932] discarded [unknown]#36.[event 0](0 fd, 8 byte)
[ 691336.167] {Display Queue} wl_display#1.delete_id(34)
[ 691336.180] {Display Queue} wl_display#1.delete_id(36)
[ 691336.185] {Display Queue} wl_display#1.delete_id(35)
Gdk-Message: 15:59:05.265: Error reading events from display: Broken pipe
